  Determinando os projetos a serem restaurados...
  Todos os projetos est├úo atualizados para restaura├º├úo.
  backend -> C:\Portif├│lio\ida\backend\bin\Debug\net8.0\backend.dll
C:\Portif├│lio\ida\backend.Tests\DashboardControllerTests.cs(144,43): error CS7036: N├úo h├í nenhum argumento fornecido que corresponda ao par├ómetro necess├írio 'startDate' de 'DashboardController.GetVarejoStats(long?, long?, DateTime?, DateTime?)' [C:\Portif├│lio\ida\backend.Tests\backend.Tests.csproj]
C:\Portif├│lio\ida\backend.Tests\DashboardControllerTests.cs(199,31): error CS0103: O nome "resultAll" n├úo existe no contexto atual [C:\Portif├│lio\ida\backend.Tests\backend.Tests.csproj]
C:\Portif├│lio\ida\backend.Tests\DashboardControllerTests.cs(155,27): warning CS1998: Este m├®todo ass├¡ncrono n├úo possui operadores 'await' e ser├í executado de modo s├¡ncrono. ├ë recomend├ível o uso do operador 'await' para aguardar chamadas ├á API desbloqueadas ou do operador 'await Task.Run(...)' para realizar um trabalho associado ├á CPU em um thread em segundo plano. [C:\Portif├│lio\ida\backend.Tests\backend.Tests.csproj]
C:\Portif├│lio\ida\backend.Tests\DashboardControllerTests.cs(234,30): error CS7036: N├úo h├í nenhum argumento fornecido que corresponda ao par├ómetro necess├írio 'startDate' de 'DashboardController.GetVarejoStats(long?, long?, DateTime?, DateTime?)' [C:\Portif├│lio\ida\backend.Tests\backend.Tests.csproj]
C:\Portif├│lio\ida\backend.Tests\DashboardControllerTests.cs(260,30): error CS7036: N├úo h├í nenhum argumento fornecido que corresponda ao par├ómetro necess├írio 'startDate' de 'DashboardController.GetVarejoStats(long?, long?, DateTime?, DateTime?)' [C:\Portif├│lio\ida\backend.Tests\backend.Tests.csproj]
C:\Portif├│lio\ida\backend.Tests\DashboardControllerTests.cs(294,43): error CS7036: N├úo h├í nenhum argumento fornecido que corresponda ao par├ómetro necess├írio 'startDate' de 'DashboardController.GetVarejoStats(long?, long?, DateTime?, DateTime?)' [C:\Portif├│lio\ida\backend.Tests\backend.Tests.csproj]

FALHA da compila├º├úo.

C:\Portif├│lio\ida\backend.Tests\DashboardControllerTests.cs(155,27): warning CS1998: Este m├®todo ass├¡ncrono n├úo possui operadores 'await' e ser├í executado de modo s├¡ncrono. ├ë recomend├ível o uso do operador 'await' para aguardar chamadas ├á API desbloqueadas ou do operador 'await Task.Run(...)' para realizar um trabalho associado ├á CPU em um thread em segundo plano. [C:\Portif├│lio\ida\backend.Tests\backend.Tests.csproj]
C:\Portif├│lio\ida\backend.Tests\DashboardControllerTests.cs(144,43): error CS7036: N├úo h├í nenhum argumento fornecido que corresponda ao par├ómetro necess├írio 'startDate' de 'DashboardController.GetVarejoStats(long?, long?, DateTime?, DateTime?)' [C:\Portif├│lio\ida\backend.Tests\backend.Tests.csproj]
C:\Portif├│lio\ida\backend.Tests\DashboardControllerTests.cs(199,31): error CS0103: O nome "resultAll" n├úo existe no contexto atual [C:\Portif├│lio\ida\backend.Tests\backend.Tests.csproj]
C:\Portif├│lio\ida\backend.Tests\DashboardControllerTests.cs(234,30): error CS7036: N├úo h├í nenhum argumento fornecido que corresponda ao par├ómetro necess├írio 'startDate' de 'DashboardController.GetVarejoStats(long?, long?, DateTime?, DateTime?)' [C:\Portif├│lio\ida\backend.Tests\backend.Tests.csproj]
C:\Portif├│lio\ida\backend.Tests\DashboardControllerTests.cs(260,30): error CS7036: N├úo h├í nenhum argumento fornecido que corresponda ao par├ómetro necess├írio 'startDate' de 'DashboardController.GetVarejoStats(long?, long?, DateTime?, DateTime?)' [C:\Portif├│lio\ida\backend.Tests\backend.Tests.csproj]
C:\Portif├│lio\ida\backend.Tests\DashboardControllerTests.cs(294,43): error CS7036: N├úo h├í nenhum argumento fornecido que corresponda ao par├ómetro necess├írio 'startDate' de 'DashboardController.GetVarejoStats(long?, long?, DateTime?, DateTime?)' [C:\Portif├│lio\ida\backend.Tests\backend.Tests.csproj]
    1 Aviso(s)
    5 Erro(s)

Tempo Decorrido 00:00:01.68
