  Determinando os projetos a serem restaurados...
  Todos os projetos est├úo atualizados para restaura├º├úo.
  backend -> C:\Portif├│lio\ida\backend\bin\Debug\net8.0\backend.dll
  backend.Tests -> C:\Portif├│lio\ida\backend.Tests\bin\Debug\net8.0\backend.Tests.dll
Execu├º├úo de teste para C:\Portif├│lio\ida\backend.Tests\bin\Debug\net8.0\backend.Tests.dll (.NETCoreApp,Version=v8.0)
Vers├úo do VSTest 17.11.1 (x64)

Iniciando execu├º├úo de teste, espere...
1 arquivos de teste no total corresponderam ao padr├úo especificado.
[xUnit.net 00:00:00.00] xUnit.net VSTest Adapter v2.5.3.1+6b60a9e56a (64-bit .NET 8.0.24)
[xUnit.net 00:00:00.09]   Discovering: backend.Tests
[xUnit.net 00:00:00.13]   Discovered:  backend.Tests
[xUnit.net 00:00:00.13]   Starting:    backend.Tests
info: Microsoft.EntityFrameworkCore.Database.Command[20101]
      Executed DbCommand (0ms) [Parameters=[], CommandType='Text', CommandTimeout='30']
      SELECT COUNT(*) FROM "sqlite_master" WHERE "type" = 'table' AND "rootpage" IS NOT NULL;
info: Microsoft.EntityFrameworkCore.Database.Command[20101]
      Executed DbCommand (1ms) [Parameters=[], CommandType='Text', CommandTimeout='30']
      CREATE TABLE "aplicacao" (
          "Id" INTEGER NOT NULL CONSTRAINT "PK_aplicacao" PRIMARY KEY AUTOINCREMENT,
          "Nome" TEXT NOT NULL,
          "DtUltimaAtualizacao" TEXT NOT NULL DEFAULT (now())
      );
info: Microsoft.EntityFrameworkCore.Database.Command[20101]
      Executed DbCommand (0ms) [Parameters=[], CommandType='Text', CommandTimeout='30']
      CREATE TABLE "area" (
          "Id" INTEGER NOT NULL CONSTRAINT "PK_area" PRIMARY KEY AUTOINCREMENT,
          "Nome" TEXT NOT NULL,
          "DtUltimaAtualizacao" TEXT NOT NULL DEFAULT (now())
      );
info: Microsoft.EntityFrameworkCore.Database.Command[20101]
      Executed DbCommand (0ms) [Parameters=[], CommandType='Text', CommandTimeout='30']
      CREATE TABLE "cliente" (
          "Id" INTEGER NOT NULL CONSTRAINT "PK_cliente" PRIMARY KEY AUTOINCREMENT,
          "Nome" TEXT NOT NULL,
          "Cnpj" TEXT NOT NULL,
          "Email" TEXT NOT NULL,
          "Telefone" TEXT NOT NULL,
          "Foto" BLOB NULL,
          "DtUltimaAtualizacao" TEXT NOT NULL DEFAULT (now())
      );
info: Microsoft.EntityFrameworkCore.Database.Command[20101]
      Executed DbCommand (0ms) [Parameters=[], CommandType='Text', CommandTimeout='30']
      CREATE TABLE "log_auditoria" (
          "Id" INTEGER NOT NULL CONSTRAINT "PK_log_auditoria" PRIMARY KEY AUTOINCREMENT,
          "Usuario" TEXT NOT NULL,
          "Acao" TEXT NOT NULL,
          "Tabela" TEXT NOT NULL,
          "DadosAntigos" TEXT NOT NULL,
          "DadosNovos" TEXT NOT NULL,
          "DataHora" TEXT NOT NULL,
          "DtUltimaAtualizacao" TEXT NOT NULL
      );
info: Microsoft.EntityFrameworkCore.Database.Command[20101]
      Executed DbCommand (0ms) [Parameters=[], CommandType='Text', CommandTimeout='30']
      CREATE TABLE "modelo_controle" (
          "Id" INTEGER NOT NULL CONSTRAINT "PK_modelo_controle" PRIMARY KEY AUTOINCREMENT,
          "Nome" TEXT NOT NULL,
          "DtUltimaAtualizacao" TEXT NOT NULL DEFAULT (now())
      );
info: Microsoft.EntityFrameworkCore.Database.Command[20101]
      Executed DbCommand (0ms) [Parameters=[], CommandType='Text', CommandTimeout='30']
      CREATE TABLE "role" (
          "Id" INTEGER NOT NULL CONSTRAINT "PK_role" PRIMARY KEY AUTOINCREMENT,
          "Nome" TEXT NOT NULL,
          "DtUltimaAtualizacao" TEXT NOT NULL DEFAULT (now())
      );
info: Microsoft.EntityFrameworkCore.Database.Command[20101]
      Executed DbCommand (0ms) [Parameters=[], CommandType='Text', CommandTimeout='30']
      CREATE TABLE "cliente_investimento_google" (
          "Id" INTEGER NOT NULL CONSTRAINT "PK_cliente_investimento_google" PRIMARY KEY AUTOINCREMENT,
          "id_cliente" INTEGER NOT NULL,
          "vlr_investimento_google" decimal(38,2) NOT NULL DEFAULT '0.0',
          "id_area" INTEGER NULL,
          "data_referencia" TEXT NOT NULL DEFAULT (now()),
          "DtUltimaAtualizacao" TEXT NOT NULL DEFAULT (now()),
          CONSTRAINT "FK_cliente_investimento_google_area_id_area" FOREIGN KEY ("id_area") REFERENCES "area" ("Id"),
          CONSTRAINT "FK_cliente_investimento_google_cliente_id_cliente" FOREIGN KEY ("id_cliente") REFERENCES "cliente" ("Id") ON DELETE CASCADE
      );
info: Microsoft.EntityFrameworkCore.Database.Command[20101]
      Executed DbCommand (0ms) [Parameters=[], CommandType='Text', CommandTimeout='30']
      CREATE TABLE "cliente_investimento_meta" (
          "Id" INTEGER NOT NULL CONSTRAINT "PK_cliente_investimento_meta" PRIMARY KEY AUTOINCREMENT,
          "id_cliente" INTEGER NOT NULL,
          "vlr_investimento_meta" decimal(38,2) NOT NULL DEFAULT '0.0',
          "id_area" INTEGER NULL,
          "data_referencia" TEXT NOT NULL DEFAULT (now()),
          "DtUltimaAtualizacao" TEXT NOT NULL DEFAULT (now()),
          CONSTRAINT "FK_cliente_investimento_meta_area_id_area" FOREIGN KEY ("id_area") REFERENCES "area" ("Id"),
          CONSTRAINT "FK_cliente_investimento_meta_cliente_id_cliente" FOREIGN KEY ("id_cliente") REFERENCES "cliente" ("Id") ON DELETE CASCADE
      );
info: Microsoft.EntityFrameworkCore.Database.Command[20101]
      Executed DbCommand (0ms) [Parameters=[], CommandType='Text', CommandTimeout='30']
      CREATE TABLE "pessoa" (
          "Id" INTEGER NOT NULL CONSTRAINT "PK_pessoa" PRIMARY KEY AUTOINCREMENT,
          "Nome" TEXT NOT NULL,
          "Cpf" TEXT NOT NULL,
          "Email" TEXT NOT NULL,
          "Telefone" TEXT NOT NULL,
          "Foto" BLOB NULL,
          "DataNascimento" TEXT NULL,
          "IdCliente" INTEGER NULL,
          "DtUltimaAtualizacao" TEXT NOT NULL DEFAULT (now()),
          CONSTRAINT "FK_pessoa_cliente_IdCliente" FOREIGN KEY ("IdCliente") REFERENCES "cliente" ("Id")
      );
info: Microsoft.EntityFrameworkCore.Database.Command[20101]
      Executed DbCommand (0ms) [Parameters=[], CommandType='Text', CommandTimeout='30']
      CREATE TABLE "cliente_modelo_controle" (
          "Id" INTEGER NOT NULL CONSTRAINT "PK_cliente_modelo_controle" PRIMARY KEY AUTOINCREMENT,
          "IdCliente" INTEGER NOT NULL,
          "IdModeloControle" INTEGER NOT NULL,
          "DtUltimaAtualizacao" TEXT NOT NULL,
          CONSTRAINT "FK_cliente_modelo_controle_cliente_IdCliente" FOREIGN KEY ("IdCliente") REFERENCES "cliente" ("Id") ON DELETE CASCADE,
          CONSTRAINT "FK_cliente_modelo_controle_modelo_controle_IdModeloControle" FOREIGN KEY ("IdModeloControle") REFERENCES "modelo_controle" ("Id") ON DELETE CASCADE
      );
info: Microsoft.EntityFrameworkCore.Database.Command[20101]
      Executed DbCommand (0ms) [Parameters=[], CommandType='Text', CommandTimeout='30']
      CREATE TABLE "cargo" (
          "Id" INTEGER NOT NULL CONSTRAINT "PK_cargo" PRIMARY KEY AUTOINCREMENT,
          "Nome" TEXT NOT NULL,
          "IdRole" INTEGER NOT NULL,
          "DtUltimaAtualizacao" TEXT NOT NULL DEFAULT (now()),
          CONSTRAINT "FK_cargo_role_IdRole" FOREIGN KEY ("IdRole") REFERENCES "role" ("Id") ON DELETE CASCADE
      );
info: Microsoft.EntityFrameworkCore.Database.Command[20101]
      Executed DbCommand (0ms) [Parameters=[], CommandType='Text', CommandTimeout='30']
      CREATE TABLE "role_aplicacao" (
          "Id" INTEGER NOT NULL CONSTRAINT "PK_role_aplicacao" PRIMARY KEY AUTOINCREMENT,
          "IdRole" INTEGER NOT NULL,
          "IdAplicacao" INTEGER NOT NULL,
          "DtUltimaAtualizacao" TEXT NOT NULL DEFAULT (now()),
          CONSTRAINT "FK_role_aplicacao_aplicacao_IdAplicacao" FOREIGN KEY ("IdAplicacao") REFERENCES "aplicacao" ("Id") ON DELETE CASCADE,
          CONSTRAINT "FK_role_aplicacao_role_IdRole" FOREIGN KEY ("IdRole") REFERENCES "role" ("Id") ON DELETE CASCADE
      );
info: Microsoft.EntityFrameworkCore.Database.Command[20101]
      Executed DbCommand (1ms) [Parameters=[], CommandType='Text', CommandTimeout='30']
      CREATE TABLE "cargo_area" (
          "Id" INTEGER NOT NULL CONSTRAINT "PK_cargo_area" PRIMARY KEY AUTOINCREMENT,
          "IdCargo" INTEGER NOT NULL,
          "IdArea" INTEGER NOT NULL,
          "DtUltimaAtualizacao" TEXT NOT NULL DEFAULT (now()),
          CONSTRAINT "FK_cargo_area_area_IdArea" FOREIGN KEY ("IdArea") REFERENCES "area" ("Id") ON DELETE CASCADE,
          CONSTRAINT "FK_cargo_area_cargo_IdCargo" FOREIGN KEY ("IdCargo") REFERENCES "cargo" ("Id") ON DELETE CASCADE
      );
info: Microsoft.EntityFrameworkCore.Database.Command[20101]
      Executed DbCommand (0ms) [Parameters=[], CommandType='Text', CommandTimeout='30']
      CREATE TABLE "cliente_cargo" (
          "Id" INTEGER NOT NULL CONSTRAINT "PK_cliente_cargo" PRIMARY KEY AUTOINCREMENT,
          "IdCliente" INTEGER NOT NULL,
          "IdCargo" INTEGER NOT NULL,
          "DtUltimaAtualizacao" TEXT NOT NULL DEFAULT (now()),
          CONSTRAINT "FK_cliente_cargo_cargo_IdCargo" FOREIGN KEY ("IdCargo") REFERENCES "cargo" ("Id") ON DELETE CASCADE,
          CONSTRAINT "FK_cliente_cargo_cliente_IdCliente" FOREIGN KEY ("IdCliente") REFERENCES "cliente" ("Id") ON DELETE CASCADE
      );
info: Microsoft.EntityFrameworkCore.Database.Command[20101]
      Executed DbCommand (0ms) [Parameters=[], CommandType='Text', CommandTimeout='30']
      CREATE TABLE "usuario" (
          "Id" INTEGER NOT NULL CONSTRAINT "PK_usuario" PRIMARY KEY,
          "Login" TEXT NOT NULL,
          "Senha" TEXT NOT NULL,
          "FlAtivo" INTEGER NOT NULL DEFAULT 1,
          "DtUltimaAtualizacao" TEXT NOT NULL DEFAULT (now()),
          "IdCargo" INTEGER NOT NULL,
          CONSTRAINT "FK_usuario_cargo_IdCargo" FOREIGN KEY ("IdCargo") REFERENCES "cargo" ("Id") ON DELETE CASCADE,
          CONSTRAINT "FK_usuario_pessoa_Id" FOREIGN KEY ("Id") REFERENCES "pessoa" ("Id") ON DELETE CASCADE
      );
info: Microsoft.EntityFrameworkCore.Database.Command[20101]
      Executed DbCommand (0ms) [Parameters=[], CommandType='Text', CommandTimeout='30']
      CREATE TABLE "cliente_usuario" (
          "Id" INTEGER NOT NULL CONSTRAINT "PK_cliente_usuario" PRIMARY KEY AUTOINCREMENT,
          "IdCliente" INTEGER NOT NULL,
          "IdUsuario" INTEGER NOT NULL,
          "IdArea" INTEGER NOT NULL,
          "DtUltimaAtualizacao" TEXT NOT NULL DEFAULT (now()),
          CONSTRAINT "FK_cliente_usuario_area_IdArea" FOREIGN KEY ("IdArea") REFERENCES "area" ("Id") ON DELETE CASCADE,
          CONSTRAINT "FK_cliente_usuario_cliente_IdCliente" FOREIGN KEY ("IdCliente") REFERENCES "cliente" ("Id") ON DELETE CASCADE,
          CONSTRAINT "FK_cliente_usuario_usuario_IdUsuario" FOREIGN KEY ("IdUsuario") REFERENCES "usuario" ("Id") ON DELETE CASCADE
      );
info: Microsoft.EntityFrameworkCore.Database.Command[20101]
      Executed DbCommand (0ms) [Parameters=[], CommandType='Text', CommandTimeout='30']
      CREATE TABLE "lancamento" (
          "Id" INTEGER NOT NULL CONSTRAINT "PK_lancamento" PRIMARY KEY AUTOINCREMENT,
          "id_usuario" INTEGER NOT NULL,
          "id_modelo_controle" INTEGER NOT NULL,
          "data_lancamento" TEXT NOT NULL DEFAULT (now()),
          "DtUltimaAtualizacao" TEXT NOT NULL,
          CONSTRAINT "FK_lancamento_modelo_controle_id_modelo_controle" FOREIGN KEY ("id_modelo_controle") REFERENCES "modelo_controle" ("Id") ON DELETE CASCADE,
          CONSTRAINT "FK_lancamento_usuario_id_usuario" FOREIGN KEY ("id_usuario") REFERENCES "usuario" ("Id") ON DELETE CASCADE
      );
info: Microsoft.EntityFrameworkCore.Database.Command[20101]
      Executed DbCommand (0ms) [Parameters=[], CommandType='Text', CommandTimeout='30']
      CREATE TABLE "notificacao" (
          "Id" INTEGER NOT NULL CONSTRAINT "PK_notificacao" PRIMARY KEY AUTOINCREMENT,
          "Titulo" TEXT NOT NULL,
          "Mensagem" TEXT NOT NULL,
          "Lida" INTEGER NOT NULL,
          "IdUsuarioDestino" INTEGER NOT NULL,
          "Tipo" TEXT NOT NULL,
          "DtUltimaAtualizacao" TEXT NOT NULL DEFAULT (now()),
          CONSTRAINT "FK_notificacao_usuario_IdUsuarioDestino" FOREIGN KEY ("IdUsuarioDestino") REFERENCES "usuario" ("Id") ON DELETE CASCADE
      );
info: Microsoft.EntityFrameworkCore.Database.Command[20101]
      Executed DbCommand (0ms) [Parameters=[], CommandType='Text', CommandTimeout='30']
      CREATE TABLE "usuario_area" (
          "Id" INTEGER NOT NULL CONSTRAINT "PK_usuario_area" PRIMARY KEY AUTOINCREMENT,
          "IdUsuario" INTEGER NOT NULL,
          "IdArea" INTEGER NOT NULL,
          "DtUltimaAtualizacao" TEXT NOT NULL DEFAULT (now()),
          CONSTRAINT "FK_usuario_area_area_IdArea" FOREIGN KEY ("IdArea") REFERENCES "area" ("Id") ON DELETE CASCADE,
          CONSTRAINT "FK_usuario_area_usuario_IdUsuario" FOREIGN KEY ("IdUsuario") REFERENCES "usuario" ("Id") ON DELETE CASCADE
      );
info: Microsoft.EntityFrameworkCore.Database.Command[20101]
      Executed DbCommand (0ms) [Parameters=[], CommandType='Text', CommandTimeout='30']
      CREATE TABLE "lancamento_cadastro" (
          "Id" INTEGER NOT NULL CONSTRAINT "PK_lancamento_cadastro" PRIMARY KEY AUTOINCREMENT,
          "qtd_click_link" INTEGER NOT NULL,
          "qtd_cadastros" INTEGER NOT NULL,
          "vlr_ticket_medio" numeric(38,2) NOT NULL,
          "id_cliente_investimento_meta" INTEGER NULL,
          "id_cliente_investimento_google" INTEGER NULL,
          CONSTRAINT "FK_lancamento_cadastro_cliente_investimento_google_id_cliente_investimento_google" FOREIGN KEY ("id_cliente_investimento_google") REFERENCES "cliente_investimento_google" ("Id"),
          CONSTRAINT "FK_lancamento_cadastro_cliente_investimento_meta_id_cliente_investimento_meta" FOREIGN KEY ("id_cliente_investimento_meta") REFERENCES "cliente_investimento_meta" ("Id"),
          CONSTRAINT "FK_lancamento_cadastro_lancamento_Id" FOREIGN KEY ("Id") REFERENCES "lancamento" ("Id") ON DELETE CASCADE
      );
info: Microsoft.EntityFrameworkCore.Database.Command[20101]
      Executed DbCommand (0ms) [Parameters=[], CommandType='Text', CommandTimeout='30']
      CREATE TABLE "lancamento_saude" (
          "Id" INTEGER NOT NULL CONSTRAINT "PK_lancamento_saude" PRIMARY KEY AUTOINCREMENT,
          "qtd_click_meta" INTEGER NOT NULL,
          "qtd_click_google" INTEGER NOT NULL,
          "qtd_contatos_reais" INTEGER NOT NULL,
          "qtd_conversao_consultas" INTEGER NOT NULL,
          "vlr_ticket_medio_consultas" numeric(38,2) NULL,
          "qtd_entrada_redes_sociais" INTEGER NOT NULL,
          "qtd_entrada_google" INTEGER NOT NULL,
          "id_cliente_investimento_meta" INTEGER NULL,
          "id_cliente_investimento_google" INTEGER NULL,
          CONSTRAINT "FK_lancamento_saude_cliente_investimento_google_id_cliente_investimento_google" FOREIGN KEY ("id_cliente_investimento_google") REFERENCES "cliente_investimento_google" ("Id"),
          CONSTRAINT "FK_lancamento_saude_cliente_investimento_meta_id_cliente_investimento_meta" FOREIGN KEY ("id_cliente_investimento_meta") REFERENCES "cliente_investimento_meta" ("Id"),
          CONSTRAINT "FK_lancamento_saude_lancamento_Id" FOREIGN KEY ("Id") REFERENCES "lancamento" ("Id") ON DELETE CASCADE
      );
info: Microsoft.EntityFrameworkCore.Database.Command[20101]
      Executed DbCommand (0ms) [Parameters=[], CommandType='Text', CommandTimeout='30']
      CREATE TABLE "lancamento_varejo" (
          "Id" INTEGER NOT NULL CONSTRAINT "PK_lancamento_varejo" PRIMARY KEY AUTOINCREMENT,
          "qtd_atendimento" INTEGER NOT NULL,
          "qtd_fechamento" INTEGER NOT NULL,
          "faturamento" numeric(38,2) NOT NULL,
          "qtd_instagram" INTEGER NOT NULL,
          "qtd_facebook" INTEGER NOT NULL,
          "qtd_google" INTEGER NOT NULL,
          "qtd_indicacao" INTEGER NOT NULL,
          "id_cliente_investimento_meta" INTEGER NULL,
          "id_cliente_investimento_google" INTEGER NULL,
          CONSTRAINT "FK_lancamento_varejo_cliente_investimento_google_id_cliente_investimento_google" FOREIGN KEY ("id_cliente_investimento_google") REFERENCES "cliente_investimento_google" ("Id"),
          CONSTRAINT "FK_lancamento_varejo_cliente_investimento_meta_id_cliente_investimento_meta" FOREIGN KEY ("id_cliente_investimento_meta") REFERENCES "cliente_investimento_meta" ("Id"),
          CONSTRAINT "FK_lancamento_varejo_lancamento_Id" FOREIGN KEY ("Id") REFERENCES "lancamento" ("Id") ON DELETE CASCADE
      );
info: Microsoft.EntityFrameworkCore.Database.Command[20101]
      Executed DbCommand (0ms) [Parameters=[], CommandType='Text', CommandTimeout='30']
      INSERT INTO "aplicacao" ("Id", "DtUltimaAtualizacao", "Nome")
      VALUES (1, '2026-03-10 01:59:30.329178', 'P´┐¢gina Inicial');
      SELECT changes();
      INSERT INTO "aplicacao" ("Id", "DtUltimaAtualizacao", "Nome")
      VALUES (2, '2026-03-10 01:59:30.3291782', 'Dashboard');
      SELECT changes();
      INSERT INTO "aplicacao" ("Id", "DtUltimaAtualizacao", "Nome")
      VALUES (3, '2026-03-10 01:59:30.3291782', 'Gerenciamento de Cliente');
      SELECT changes();
      INSERT INTO "aplicacao" ("Id", "DtUltimaAtualizacao", "Nome")
      VALUES (4, '2026-03-10 01:59:30.3291783', 'Gerenciamento de Pessoa');
      SELECT changes();
      INSERT INTO "aplicacao" ("Id", "DtUltimaAtualizacao", "Nome")
      VALUES (5, '2026-03-10 01:59:30.3291784', 'Gerenciamento de Cargo');
      SELECT changes();
      INSERT INTO "aplicacao" ("Id", "DtUltimaAtualizacao", "Nome")
      VALUES (6, '2026-03-10 01:59:30.3291785', 'Gerenciamento de ´┐¢rea');
      SELECT changes();
      INSERT INTO "aplicacao" ("Id", "DtUltimaAtualizacao", "Nome")
      VALUES (7, '2026-03-10 01:59:30.3291786', 'Gerenciamento de Usu´┐¢rio');
      SELECT changes();
      INSERT INTO "aplicacao" ("Id", "DtUltimaAtualizacao", "Nome")
      VALUES (8, '2026-03-10 01:59:30.3291787', 'Relat´┐¢rios');
      SELECT changes();
      INSERT INTO "aplicacao" ("Id", "DtUltimaAtualizacao", "Nome")
      VALUES (9, '2026-03-10 01:59:30.3291901', 'Configura´┐¢´┐¢es');
      SELECT changes();
      INSERT INTO "aplicacao" ("Id", "DtUltimaAtualizacao", "Nome")
      VALUES (10, '2026-03-10 01:59:30.3291902', 'Gerenciamento de Modelo de Controle');
      SELECT changes();
      INSERT INTO "aplicacao" ("Id", "DtUltimaAtualizacao", "Nome")
      VALUES (11, '2026-03-10 01:59:30.3291903', 'Gerenciamento de Lan´┐¢amentos');
      SELECT changes();
      INSERT INTO "aplicacao" ("Id", "DtUltimaAtualizacao", "Nome")
      VALUES (12, '2026-03-10 01:59:30.3291904', 'Gerenciamento de Investimentos');
      SELECT changes();
info: Microsoft.EntityFrameworkCore.Database.Command[20101]
      Executed DbCommand (0ms) [Parameters=[], CommandType='Text', CommandTimeout='30']
      INSERT INTO "area" ("Id", "DtUltimaAtualizacao", "Nome")
      VALUES (1, '2026-03-10 01:59:30.3292322', 'Administra´┐¢´┐¢o');
      SELECT changes();
info: Microsoft.EntityFrameworkCore.Database.Command[20101]
      Executed DbCommand (0ms) [Parameters=[], CommandType='Text', CommandTimeout='30']
      INSERT INTO "cliente" ("Id", "Cnpj", "DtUltimaAtualizacao", "Email", "Foto", "Nome", "Telefone")
      VALUES (1, '00000000000000', '2026-03-10 01:59:30.329215', 'suporte@analytica.com', NULL, 'Analytica IDA', '00000000000');
      SELECT changes();
info: Microsoft.EntityFrameworkCore.Database.Command[20101]
      Executed DbCommand (0ms) [Parameters=[], CommandType='Text', CommandTimeout='30']
      INSERT INTO "modelo_controle" ("Id", "DtUltimaAtualizacao", "Nome")
      VALUES (1, '2026-03-10 01:59:30.3291984', 'Cadastros');
      SELECT changes();
      INSERT INTO "modelo_controle" ("Id", "DtUltimaAtualizacao", "Nome")
      VALUES (2, '2026-03-10 01:59:30.3291986', 'Varejo');
      SELECT changes();
      INSERT INTO "modelo_controle" ("Id", "DtUltimaAtualizacao", "Nome")
      VALUES (3, '2026-03-10 01:59:30.3291987', 'Sa´┐¢de');
      SELECT changes();
info: Microsoft.EntityFrameworkCore.Database.Command[20101]
      Executed DbCommand (0ms) [Parameters=[], CommandType='Text', CommandTimeout='30']
      INSERT INTO "role" ("Id", "DtUltimaAtualizacao", "Nome")
      VALUES (1, '2026-03-10 01:59:30.3291615', 'admin');
      SELECT changes();
      INSERT INTO "role" ("Id", "DtUltimaAtualizacao", "Nome")
      VALUES (2, '2026-03-10 01:59:30.3291623', 'propriet´┐¢rio');
      SELECT changes();
      INSERT INTO "role" ("Id", "DtUltimaAtualizacao", "Nome")
      VALUES (3, '2026-03-10 01:59:30.3291625', 'supervisor');
      SELECT changes();
      INSERT INTO "role" ("Id", "DtUltimaAtualizacao", "Nome")
      VALUES (4, '2026-03-10 01:59:30.3291626', 'vendedor');
      SELECT changes();
info: Microsoft.EntityFrameworkCore.Database.Command[20101]
      Executed DbCommand (0ms) [Parameters=[], CommandType='Text', CommandTimeout='30']
      INSERT INTO "cargo" ("Id", "DtUltimaAtualizacao", "IdRole", "Nome")
      VALUES (1, '2026-03-10 01:59:30.3292231', 1, 'Administrador');
      SELECT changes();
info: Microsoft.EntityFrameworkCore.Database.Command[20101]
      Executed DbCommand (0ms) [Parameters=[], CommandType='Text', CommandTimeout='30']
      INSERT INTO "pessoa" ("Id", "Cpf", "DataNascimento", "DtUltimaAtualizacao", "Email", "Foto", "IdCliente", "Nome", "Telefone")
      VALUES (1, '00000000000', NULL, '2026-03-10 01:59:30.3292518', 'suporte@analytica.com', NULL, 1, 'Administrador', '00000000000');
      SELECT changes();
info: Microsoft.EntityFrameworkCore.Database.Command[20101]
      Executed DbCommand (1ms) [Parameters=[], CommandType='Text', CommandTimeout='30']
      INSERT INTO "role_aplicacao" ("Id", "DtUltimaAtualizacao", "IdAplicacao", "IdRole")
      VALUES (1, '2026-03-10 01:59:30.3292029', 1, 1);
      SELECT changes();
      INSERT INTO "role_aplicacao" ("Id", "DtUltimaAtualizacao", "IdAplicacao", "IdRole")
      VALUES (2, '2026-03-10 01:59:30.3292037', 2, 1);
      SELECT changes();
      INSERT INTO "role_aplicacao" ("Id", "DtUltimaAtualizacao", "IdAplicacao", "IdRole")
      VALUES (3, '2026-03-10 01:59:30.3292038', 3, 1);
      SELECT changes();
      INSERT INTO "role_aplicacao" ("Id", "DtUltimaAtualizacao", "IdAplicacao", "IdRole")
      VALUES (4, '2026-03-10 01:59:30.3292039', 4, 1);
      SELECT changes();
      INSERT INTO "role_aplicacao" ("Id", "DtUltimaAtualizacao", "IdAplicacao", "IdRole")
      VALUES (5, '2026-03-10 01:59:30.3292039', 5, 1);
      SELECT changes();
      INSERT INTO "role_aplicacao" ("Id", "DtUltimaAtualizacao", "IdAplicacao", "IdRole")
      VALUES (6, '2026-03-10 01:59:30.329204', 6, 1);
      SELECT changes();
      INSERT INTO "role_aplicacao" ("Id", "DtUltimaAtualizacao", "IdAplicacao", "IdRole")
      VALUES (7, '2026-03-10 01:59:30.329204', 7, 1);
      SELECT changes();
      INSERT INTO "role_aplicacao" ("Id", "DtUltimaAtualizacao", "IdAplicacao", "IdRole")
      VALUES (8, '2026-03-10 01:59:30.3292041', 8, 1);
      SELECT changes();
      INSERT INTO "role_aplicacao" ("Id", "DtUltimaAtualizacao", "IdAplicacao", "IdRole")
      VALUES (9, '2026-03-10 01:59:30.3292042', 9, 1);
      SELECT changes();
      INSERT INTO "role_aplicacao" ("Id", "DtUltimaAtualizacao", "IdAplicacao", "IdRole")
      VALUES (10, '2026-03-10 01:59:30.3292044', 1, 2);
      SELECT changes();
      INSERT INTO "role_aplicacao" ("Id", "DtUltimaAtualizacao", "IdAplicacao", "IdRole")
      VALUES (11, '2026-03-10 01:59:30.3292045', 2, 2);
      SELECT changes();
      INSERT INTO "role_aplicacao" ("Id", "DtUltimaAtualizacao", "IdAplicacao", "IdRole")
      VALUES (12, '2026-03-10 01:59:30.3292046', 4, 2);
      SELECT changes();
      INSERT INTO "role_aplicacao" ("Id", "DtUltimaAtualizacao", "IdAplicacao", "IdRole")
      VALUES (13, '2026-03-10 01:59:30.3292046', 5, 2);
      SELECT changes();
      INSERT INTO "role_aplicacao" ("Id", "DtUltimaAtualizacao", "IdAplicacao", "IdRole")
      VALUES (14, '2026-03-10 01:59:30.3292047', 6, 2);
      SELECT changes();
      INSERT INTO "role_aplicacao" ("Id", "DtUltimaAtualizacao", "IdAplicacao", "IdRole")
      VALUES (15, '2026-03-10 01:59:30.3292047', 7, 2);
      SELECT changes();
      INSERT INTO "role_aplicacao" ("Id", "DtUltimaAtualizacao", "IdAplicacao", "IdRole")
      VALUES (16, '2026-03-10 01:59:30.3292048', 8, 2);
      SELECT changes();
      INSERT INTO "role_aplicacao" ("Id", "DtUltimaAtualizacao", "IdAplicacao", "IdRole")
      VALUES (17, '2026-03-10 01:59:30.3292049', 1, 3);
      SELECT changes();
      INSERT INTO "role_aplicacao" ("Id", "DtUltimaAtualizacao", "IdAplicacao", "IdRole")
      VALUES (18, '2026-03-10 01:59:30.329205', 2, 3);
      SELECT changes();
      INSERT INTO "role_aplicacao" ("Id", "DtUltimaAtualizacao", "IdAplicacao", "IdRole")
      VALUES (19, '2026-03-10 01:59:30.3292051', 4, 3);
      SELECT changes();
      INSERT INTO "role_aplicacao" ("Id", "DtUltimaAtualizacao", "IdAplicacao", "IdRole")
      VALUES (20, '2026-03-10 01:59:30.3292051', 7, 3);
      SELECT changes();
      INSERT INTO "role_aplicacao" ("Id", "DtUltimaAtualizacao", "IdAplicacao", "IdRole")
      VALUES (21, '2026-03-10 01:59:30.3292052', 8, 3);
      SELECT changes();
      INSERT INTO "role_aplicacao" ("Id", "DtUltimaAtualizacao", "IdAplicacao", "IdRole")
      VALUES (22, '2026-03-10 01:59:30.3292053', 1, 4);
      SELECT changes();
      INSERT INTO "role_aplicacao" ("Id", "DtUltimaAtualizacao", "IdAplicacao", "IdRole")
      VALUES (23, '2026-03-10 01:59:30.3292054', 2, 4);
      SELECT changes();
      INSERT INTO "role_aplicacao" ("Id", "DtUltimaAtualizacao", "IdAplicacao", "IdRole")
      VALUES (24, '2026-03-10 01:59:30.3292054', 8, 4);
      SELECT changes();
      INSERT INTO "role_aplicacao" ("Id", "DtUltimaAtualizacao", "IdAplicacao", "IdRole")
      VALUES (25, '2026-03-10 01:59:30.3292042', 10, 1);
      SELECT changes();
      INSERT INTO "role_aplicacao" ("Id", "DtUltimaAtualizacao", "IdAplicacao", "IdRole")
      VALUES (26, '2026-03-10 01:59:30.3292049', 11, 2);
      SELECT changes();
      INSERT INTO "role_aplicacao" ("Id", "DtUltimaAtualizacao", "IdAplicacao", "IdRole")
      VALUES (27, '2026-03-10 01:59:30.3292053', 11, 3);
      SELECT changes();
      INSERT INTO "role_aplicacao" ("Id", "DtUltimaAtualizacao", "IdAplicacao", "IdRole")
      VALUES (28, '2026-03-10 01:59:30.3292055', 11, 4);
      SELECT changes();
      INSERT INTO "role_aplicacao" ("Id", "DtUltimaAtualizacao", "IdAplicacao", "IdRole")
      VALUES (29, '2026-03-10 01:59:30.3292043', 11, 1);
      SELECT changes();
      INSERT INTO "role_aplicacao" ("Id", "DtUltimaAtualizacao", "IdAplicacao", "IdRole")
      VALUES (30, '2026-03-10 01:59:30.3292044', 12, 1);
      SELECT changes();
info: Microsoft.EntityFrameworkCore.Database.Command[20101]
      Executed DbCommand (0ms) [Parameters=[], CommandType='Text', CommandTimeout='30']
      INSERT INTO "cargo_area" ("Id", "DtUltimaAtualizacao", "IdArea", "IdCargo")
      VALUES (1, '2026-03-10 01:59:30.3292458', 1, 1);
      SELECT changes();
info: Microsoft.EntityFrameworkCore.Database.Command[20101]
      Executed DbCommand (0ms) [Parameters=[], CommandType='Text', CommandTimeout='30']
      INSERT INTO "cliente_cargo" ("Id", "DtUltimaAtualizacao", "IdCargo", "IdCliente")
      VALUES (1, '2026-03-10 01:59:30.3292379', 1, 1);
      SELECT changes();
info: Microsoft.EntityFrameworkCore.Database.Command[20101]
      Executed DbCommand (0ms) [Parameters=[], CommandType='Text', CommandTimeout='30']
      INSERT INTO "usuario" ("Id", "DtUltimaAtualizacao", "FlAtivo", "IdCargo", "Login", "Senha")
      VALUES (1, '2026-03-09 22:59:30.3292612', 1, 1, 'admin', '$2a$11$Yw4LRy/Z7elngAZgT9REAeMdjypLbxeRKqRhHa43Y3Q3kGT5vogYO');
      SELECT changes();
info: Microsoft.EntityFrameworkCore.Database.Command[20101]
      Executed DbCommand (0ms) [Parameters=[], CommandType='Text', CommandTimeout='30']
      INSERT INTO "usuario_area" ("Id", "DtUltimaAtualizacao", "IdArea", "IdUsuario")
      VALUES (1, '2026-03-10 01:59:30.4474604', 1, 1);
      SELECT changes();
info: Microsoft.EntityFrameworkCore.Database.Command[20101]
      Executed DbCommand (0ms) [Parameters=[], CommandType='Text', CommandTimeout='30']
      CREATE INDEX "IX_cargo_IdRole" ON "cargo" ("IdRole");
info: Microsoft.EntityFrameworkCore.Database.Command[20101]
      Executed DbCommand (0ms) [Parameters=[], CommandType='Text', CommandTimeout='30']
      CREATE INDEX "IX_cargo_area_IdArea" ON "cargo_area" ("IdArea");
info: Microsoft.EntityFrameworkCore.Database.Command[20101]
      Executed DbCommand (0ms) [Parameters=[], CommandType='Text', CommandTimeout='30']
      CREATE INDEX "IX_cargo_area_IdCargo" ON "cargo_area" ("IdCargo");
info: Microsoft.EntityFrameworkCore.Database.Command[20101]
      Executed DbCommand (0ms) [Parameters=[], CommandType='Text', CommandTimeout='30']
      CREATE INDEX "IX_cliente_cargo_IdCargo" ON "cliente_cargo" ("IdCargo");
info: Microsoft.EntityFrameworkCore.Database.Command[20101]
      Executed DbCommand (0ms) [Parameters=[], CommandType='Text', CommandTimeout='30']
      CREATE INDEX "IX_cliente_cargo_IdCliente" ON "cliente_cargo" ("IdCliente");
info: Microsoft.EntityFrameworkCore.Database.Command[20101]
      Executed DbCommand (0ms) [Parameters=[], CommandType='Text', CommandTimeout='30']
      CREATE INDEX "IX_cliente_investimento_google_id_area" ON "cliente_investimento_google" ("id_area");
info: Microsoft.EntityFrameworkCore.Database.Command[20101]
      Executed DbCommand (0ms) [Parameters=[], CommandType='Text', CommandTimeout='30']
      CREATE INDEX "IX_cliente_investimento_google_id_cliente" ON "cliente_investimento_google" ("id_cliente");
info: Microsoft.EntityFrameworkCore.Database.Command[20101]
      Executed DbCommand (0ms) [Parameters=[], CommandType='Text', CommandTimeout='30']
      CREATE INDEX "IX_cliente_investimento_meta_id_area" ON "cliente_investimento_meta" ("id_area");
info: Microsoft.EntityFrameworkCore.Database.Command[20101]
      Executed DbCommand (0ms) [Parameters=[], CommandType='Text', CommandTimeout='30']
      CREATE INDEX "IX_cliente_investimento_meta_id_cliente" ON "cliente_investimento_meta" ("id_cliente");
info: Microsoft.EntityFrameworkCore.Database.Command[20101]
      Executed DbCommand (0ms) [Parameters=[], CommandType='Text', CommandTimeout='30']
      CREATE INDEX "IX_cliente_modelo_controle_IdCliente" ON "cliente_modelo_controle" ("IdCliente");
info: Microsoft.EntityFrameworkCore.Database.Command[20101]
      Executed DbCommand (0ms) [Parameters=[], CommandType='Text', CommandTimeout='30']
      CREATE INDEX "IX_cliente_modelo_controle_IdModeloControle" ON "cliente_modelo_controle" ("IdModeloControle");
info: Microsoft.EntityFrameworkCore.Database.Command[20101]
      Executed DbCommand (0ms) [Parameters=[], CommandType='Text', CommandTimeout='30']
      CREATE INDEX "IX_cliente_usuario_IdArea" ON "cliente_usuario" ("IdArea");
info: Microsoft.EntityFrameworkCore.Database.Command[20101]
      Executed DbCommand (0ms) [Parameters=[], CommandType='Text', CommandTimeout='30']
      CREATE INDEX "IX_cliente_usuario_IdCliente" ON "cliente_usuario" ("IdCliente");
info: Microsoft.EntityFrameworkCore.Database.Command[20101]
      Executed DbCommand (0ms) [Parameters=[], CommandType='Text', CommandTimeout='30']
      CREATE INDEX "IX_cliente_usuario_IdUsuario" ON "cliente_usuario" ("IdUsuario");
info: Microsoft.EntityFrameworkCore.Database.Command[20101]
      Executed DbCommand (0ms) [Parameters=[], CommandType='Text', CommandTimeout='30']
      CREATE INDEX "IX_lancamento_id_modelo_controle" ON "lancamento" ("id_modelo_controle");
info: Microsoft.EntityFrameworkCore.Database.Command[20101]
      Executed DbCommand (0ms) [Parameters=[], CommandType='Text', CommandTimeout='30']
      CREATE INDEX "IX_lancamento_id_usuario" ON "lancamento" ("id_usuario");
info: Microsoft.EntityFrameworkCore.Database.Command[20101]
      Executed DbCommand (0ms) [Parameters=[], CommandType='Text', CommandTimeout='30']
      CREATE INDEX "IX_lancamento_cadastro_id_cliente_investimento_google" ON "lancamento_cadastro" ("id_cliente_investimento_google");
info: Microsoft.EntityFrameworkCore.Database.Command[20101]
      Executed DbCommand (0ms) [Parameters=[], CommandType='Text', CommandTimeout='30']
      CREATE INDEX "IX_lancamento_cadastro_id_cliente_investimento_meta" ON "lancamento_cadastro" ("id_cliente_investimento_meta");
info: Microsoft.EntityFrameworkCore.Database.Command[20101]
      Executed DbCommand (0ms) [Parameters=[], CommandType='Text', CommandTimeout='30']
      CREATE INDEX "IX_lancamento_saude_id_cliente_investimento_google" ON "lancamento_saude" ("id_cliente_investimento_google");
info: Microsoft.EntityFrameworkCore.Database.Command[20101]
      Executed DbCommand (0ms) [Parameters=[], CommandType='Text', CommandTimeout='30']
      CREATE INDEX "IX_lancamento_saude_id_cliente_investimento_meta" ON "lancamento_saude" ("id_cliente_investimento_meta");
info: Microsoft.EntityFrameworkCore.Database.Command[20101]
      Executed DbCommand (0ms) [Parameters=[], CommandType='Text', CommandTimeout='30']
      CREATE INDEX "IX_lancamento_varejo_id_cliente_investimento_google" ON "lancamento_varejo" ("id_cliente_investimento_google");
info: Microsoft.EntityFrameworkCore.Database.Command[20101]
      Executed DbCommand (0ms) [Parameters=[], CommandType='Text', CommandTimeout='30']
      CREATE INDEX "IX_lancamento_varejo_id_cliente_investimento_meta" ON "lancamento_varejo" ("id_cliente_investimento_meta");
info: Microsoft.EntityFrameworkCore.Database.Command[20101]
      Executed DbCommand (0ms) [Parameters=[], CommandType='Text', CommandTimeout='30']
      CREATE INDEX "IX_notificacao_IdUsuarioDestino" ON "notificacao" ("IdUsuarioDestino");
info: Microsoft.EntityFrameworkCore.Database.Command[20101]
      Executed DbCommand (0ms) [Parameters=[], CommandType='Text', CommandTimeout='30']
      CREATE INDEX "IX_pessoa_IdCliente" ON "pessoa" ("IdCliente");
info: Microsoft.EntityFrameworkCore.Database.Command[20101]
      Executed DbCommand (0ms) [Parameters=[], CommandType='Text', CommandTimeout='30']
      CREATE INDEX "IX_role_aplicacao_IdAplicacao" ON "role_aplicacao" ("IdAplicacao");
info: Microsoft.EntityFrameworkCore.Database.Command[20101]
      Executed DbCommand (0ms) [Parameters=[], CommandType='Text', CommandTimeout='30']
      CREATE INDEX "IX_role_aplicacao_IdRole" ON "role_aplicacao" ("IdRole");
info: Microsoft.EntityFrameworkCore.Database.Command[20101]
      Executed DbCommand (0ms) [Parameters=[], CommandType='Text', CommandTimeout='30']
      CREATE INDEX "IX_usuario_IdCargo" ON "usuario" ("IdCargo");
info: Microsoft.EntityFrameworkCore.Database.Command[20101]
      Executed DbCommand (0ms) [Parameters=[], CommandType='Text', CommandTimeout='30']
      CREATE INDEX "IX_usuario_area_IdArea" ON "usuario_area" ("IdArea");
info: Microsoft.EntityFrameworkCore.Database.Command[20101]
      Executed DbCommand (0ms) [Parameters=[], CommandType='Text', CommandTimeout='30']
      CREATE INDEX "IX_usuario_area_IdUsuario" ON "usuario_area" ("IdUsuario");
dotnet : [xUnit.net 
00:00:02.20]     backen
d.Tests.AuditServiceTes
ts.LogAction_Create_Cre
atesNotificationForAdmi
nAndOwner [FAIL]
No linha:1 caractere:1
+ dotnet test 
backend.Tests --logger 
"console;verbosity=norm
al" > test_ ...
+ ~~~~~~~~~~~~~~~~~~~~~
~~~~~~~~~~~~~~~~~~~~~~~
~~~~~~~~~~~~~~~~~~~~~~~
~~
    + CategoryInfo     
         : NotSpecifi  
  ed: ([xUnit.net 00   
 :0...AndOwner [FAI    
L]:String) [], Rem    
oteException
    + FullyQualifiedEr 
   rorId : NativeComm  
  andError
 
[xUnit.net 00:00:02.20]       Microsoft.EntityFrameworkCore.DbUpdateException : An error occurred while saving the entity changes. See the inner exception for details.
[xUnit.net 00:00:02.20]       ---- Microsoft.Data.Sqlite.SqliteException : SQLite Error 19: 'UNIQUE constraint failed: pessoa.Id'.
[xUnit.net 00:00:02.21]       Stack Trace:
[xUnit.net 00:00:02.21]            at Microsoft.EntityFrameworkCore.Update.ReaderModificationCommandBatch.Execute(IRelationalConnection connection)
[xUnit.net 00:00:02.21]            at Microsoft.EntityFrameworkCore.Update.Internal.BatchExecutor.Execute(IEnumerable`1 commandBatches, IRelationalConnection connection)
[xUnit.net 00:00:02.21]            at Microsoft.EntityFrameworkCore.Storage.RelationalDatabase.SaveChanges(IList`1 entries)
[xUnit.net 00:00:02.21]            at Microsoft.EntityFrameworkCore.ChangeTracking.Internal.StateManager.SaveChanges(IList`1 entriesToSave)
[xUnit.net 00:00:02.21]            at Microsoft.EntityFrameworkCore.ChangeTracking.Internal.StateManager.SaveChanges(StateManager stateManager, Boolean acceptAllChangesOnSuccess)
[xUnit.net 00:00:02.21]            at Microsoft.EntityFrameworkCore.ChangeTracking.Internal.StateManager.<>c.<SaveChanges>b__112_0(DbContext _, ValueTuple`2 t)
[xUnit.net 00:00:02.21]            at Microsoft.EntityFrameworkCore.Storage.NonRetryingExecutionStrategy.Execute[TState,TResult](TState state, Func`3 operation, Func`3 verifySucceeded)
[xUnit.net 00:00:02.21]            at Microsoft.EntityFrameworkCore.ChangeTracking.Internal.StateManager.SaveChanges(Boolean acceptAllChangesOnSuccess)
[xUnit.net 00:00:02.21]            at Microsoft.EntityFrameworkCore.DbContext.SaveChanges(Boolean acceptAllChangesOnSuccess)
[xUnit.net 00:00:02.21]            at Microsoft.EntityFrameworkCore.DbContext.SaveChanges()
[xUnit.net 00:00:02.21]         C:\Portif├│lio\ida\backend.Tests\AuditServiceTests.cs(64,0): at backend.Tests.AuditServiceTests.SeedData()
[xUnit.net 00:00:02.21]         C:\Portif├│lio\ida\backend.Tests\AuditServiceTests.cs(32,0): at backend.Tests.AuditServiceTests..ctor()
[xUnit.net 00:00:02.21]            at System.RuntimeType.CreateInstanceDefaultCtor(Boolean publicOnly, Boolean wrapExceptions)
[xUnit.net 00:00:02.21]         ----- Inner Stack Trace -----
[xUnit.net 00:00:02.21]            at Microsoft.Data.Sqlite.SqliteException.ThrowExceptionForRC(Int32 rc, sqlite3 db)
[xUnit.net 00:00:02.21]            at Microsoft.Data.Sqlite.SqliteDataReader.NextResult()
[xUnit.net 00:00:02.21]            at Microsoft.Data.Sqlite.SqliteCommand.ExecuteReader(CommandBehavior behavior)
[xUnit.net 00:00:02.21]            at Microsoft.Data.Sqlite.SqliteCommand.ExecuteDbDataReader(CommandBehavior behavior)
[xUnit.net 00:00:02.21]            at Microsoft.EntityFrameworkCore.Storage.RelationalCommand.ExecuteReader(RelationalCommandParameterObject parameterObject)
[xUnit.net 00:00:02.21]            at Microsoft.EntityFrameworkCore.Update.ReaderModificationCommandBatch.Execute(IRelationalConnection connection)
warn: Microsoft.AspNetCore.HttpsPolicy.HttpsRedirectionMiddleware[3]
      Failed to determine the https port for redirect.
[xUnit.net 
00:00:02.33]     backen
d.Tests.AuditServiceTes
ts.LogAction_Login_Does
NotCreateNotification 
[FAIL]
[xUnit.net 00:00:02.33]       Microsoft.EntityFrameworkCore.DbUpdateException : An error occurred while saving the entity changes. See the inner exception for details.
[xUnit.net 00:00:02.33]       ---- Microsoft.Data.Sqlite.SqliteException : SQLite Error 19: 'UNIQUE constraint failed: pessoa.Id'.
[xUnit.net 00:00:02.33]       Stack Trace:
[xUnit.net 00:00:02.33]            at Microsoft.EntityFrameworkCore.Update.ReaderModificationCommandBatch.Execute(IRelationalConnection connection)
[xUnit.net 00:00:02.33]            at Microsoft.EntityFrameworkCore.Update.Internal.BatchExecutor.Execute(IEnumerable`1 commandBatches, IRelationalConnection connection)
[xUnit.net 00:00:02.33]            at Microsoft.EntityFrameworkCore.Storage.RelationalDatabase.SaveChanges(IList`1 entries)
[xUnit.net 00:00:02.33]            at Microsoft.EntityFrameworkCore.ChangeTracking.Internal.StateManager.SaveChanges(IList`1 entriesToSave)
[xUnit.net 00:00:02.33]            at Microsoft.EntityFrameworkCore.ChangeTracking.Internal.StateManager.SaveChanges(StateManager stateManager, Boolean acceptAllChangesOnSuccess)
[xUnit.net 00:00:02.33]            at Microsoft.EntityFrameworkCore.ChangeTracking.Internal.StateManager.<>c.<SaveChanges>b__112_0(DbContext _, ValueTuple`2 t)
[xUnit.net 00:00:02.33]            at Microsoft.EntityFrameworkCore.Storage.NonRetryingExecutionStrategy.Execute[TState,TResult](TState state, Func`3 operation, Func`3 verifySucceeded)
[xUnit.net 00:00:02.33]            at Microsoft.EntityFrameworkCore.ChangeTracking.Internal.StateManager.SaveChanges(Boolean acceptAllChangesOnSuccess)
[xUnit.net 00:00:02.33]            at Microsoft.EntityFrameworkCore.DbContext.SaveChanges(Boolean acceptAllChangesOnSuccess)
[xUnit.net 00:00:02.33]            at Microsoft.EntityFrameworkCore.DbContext.SaveChanges()
[xUnit.net 00:00:02.33]         C:\Portif├│lio\ida\backend.Tests\AuditServiceTests.cs(64,0): at backend.Tests.AuditServiceTests.SeedData()
[xUnit.net 00:00:02.33]         C:\Portif├│lio\ida\backend.Tests\AuditServiceTests.cs(32,0): at backend.Tests.AuditServiceTests..ctor()
[xUnit.net 00:00:02.33]            at System.RuntimeType.CreateInstanceDefaultCtor(Boolean publicOnly, Boolean wrapExceptions)
[xUnit.net 00:00:02.33]         ----- Inner Stack Trace -----
[xUnit.net 00:00:02.33]            at Microsoft.Data.Sqlite.SqliteException.ThrowExceptionForRC(Int32 rc, sqlite3 db)
[xUnit.net 00:00:02.33]            at Microsoft.Data.Sqlite.SqliteDataReader.NextResult()
[xUnit.net 00:00:02.33]            at Microsoft.Data.Sqlite.SqliteCommand.ExecuteReader(CommandBehavior behavior)
[xUnit.net 00:00:02.33]            at Microsoft.Data.Sqlite.SqliteCommand.ExecuteDbDataReader(CommandBehavior behavior)
[xUnit.net 00:00:02.33]            at Microsoft.EntityFrameworkCore.Storage.RelationalCommand.ExecuteReader(RelationalCommandParameterObject parameterObject)
[xUnit.net 00:00:02.33]            at Microsoft.EntityFrameworkCore.Update.ReaderModificationCommandBatch.Execute(IRelationalConnection connection)
     Warning:
     The component "Fluent Assertions" is governed by the rules defined in the Xceed License Agreement and
     the Xceed Fluent Assertions Community License. You may use Fluent Assertions free of charge for
     non-commercial use only. An active subscription is required to use Fluent Assertions for commercial use.
     Please contact Xceed Sales mailto:sales@xceed.com to acquire a subscription at a very low cost.
     A paid commercial license supports the development and continued increasing support of
     Fluent Assertions users under both commercial and community licenses. Help us
     keep Fluent Assertions at the forefront of unit testing.
     For more information, visit https://xceed.com/products/unit-testing/fluent-assertions/
info: Microsoft.EntityFrameworkCore.Database.Command[20101]
      Executed DbCommand (2ms) [Parameters=[@__p_0='?' (DbType = Int32)], CommandType='Text', CommandTimeout='30']
      SELECT "t"."Id", "p"."Nome", "p"."Id", "t0"."Nome", "t0"."Id", "t0"."Id0", (
          SELECT COUNT(*)
          FROM "lancamento" AS "l11"
          INNER JOIN "lancamento_varejo" AS "l12" ON "l11"."Id" = "l12"."Id"
          WHERE "l11"."id_usuario" = "t"."Id") + (
          SELECT COUNT(*)
          FROM "lancamento" AS "l13"
          INNER JOIN "lancamento_cadastro" AS "l14" ON "l13"."Id" = "l14"."Id"
          WHERE "l13"."id_usuario" = "t"."Id") + (
          SELECT COUNT(*)
          FROM "lancamento" AS "l15"
          INNER JOIN "lancamento_saude" AS "l16" ON "l15"."Id" = "l16"."Id"
          WHERE "l15"."id_usuario" = "t"."Id")
      FROM (
          SELECT "u"."Id", "u"."Login", (
              SELECT COUNT(*)
              FROM "lancamento" AS "l5"
              INNER JOIN "lancamento_varejo" AS "l6" ON "l5"."Id" = "l6"."Id"
              WHERE "l5"."id_usuario" = "u"."Id") + (
              SELECT COUNT(*)
              FROM "lancamento" AS "l7"
              INNER JOIN "lancamento_cadastro" AS "l8" ON "l7"."Id" = "l8"."Id"
              WHERE "l7"."id_usuario" = "u"."Id") + (
              SELECT COUNT(*)
              FROM "lancamento" AS "l9"
              INNER JOIN "lancamento_saude" AS "l10" ON "l9"."Id" = "l10"."Id"
              WHERE "l9"."id_usuario" = "u"."Id") AS "c"
          FROM "usuario" AS "u"
          WHERE (
              SELECT COUNT(*)
              FROM "lancamento" AS "l"
              INNER JOIN "lancamento_varejo" AS "l0" ON "l"."Id" = "l0"."Id"
              WHERE "l"."id_usuario" = "u"."Id") + (
              SELECT COUNT(*)
              FROM "lancamento" AS "l1"
              INNER JOIN "lancamento_cadastro" AS "l2" ON "l1"."Id" = "l2"."Id"
              WHERE "l1"."id_usuario" = "u"."Id") + (
              SELECT COUNT(*)
              FROM "lancamento" AS "l3"
              INNER JOIN "lancamento_saude" AS "l4" ON "l3"."Id" = "l4"."Id"
              WHERE "l3"."id_usuario" = "u"."Id") > 0
          ORDER BY (
              SELECT COUNT(*)
              FROM "lancamento" AS "l5"
              INNER JOIN "lancamento_varejo" AS "l6" ON "l5"."Id" = "l6"."Id"
              WHERE "l5"."id_usuario" = "u"."Id") + (
              SELECT COUNT(*)
              FROM "lancamento" AS "l7"
              INNER JOIN "lancamento_cadastro" AS "l8" ON "l7"."Id" = "l8"."Id"
              WHERE "l7"."id_usuario" = "u"."Id") + (
              SELECT COUNT(*)
              FROM "lancamento" AS "l9"
              INNER JOIN "lancamento_saude" AS "l10" ON "l9"."Id" = "l10"."Id"
              WHERE "l9"."id_usuario" = "u"."Id") DESC
          LIMIT @__p_0
      ) AS "t"
      INNER JOIN "pessoa" AS "p" ON "t"."Id" = "p"."Id"
      LEFT JOIN (
          SELECT "c0"."Nome", "c"."Id", "c0"."Id" AS "Id0", "c"."IdUsuario"
          FROM "cliente_usuario" AS "c"
          INNER JOIN "cliente" AS "c0" ON "c"."IdCliente" = "c0"."Id"
      ) AS "t0" ON "t"."Id" = "t0"."IdUsuario"
      ORDER BY "t"."c" DESC, "t"."Id", "p"."Id", "t0"."Id"
info: Microsoft.EntityFrameworkCore.Database.Command[20101]
      Executed DbCommand (0ms) [Parameters=[], CommandType='Text', CommandTimeout='30']
      SELECT COUNT(*) FROM "sqlite_master" WHERE "type" = 'table' AND "rootpage" IS NOT NULL;
info: Microsoft.EntityFrameworkCore.Database.Command[20101]
      Executed DbCommand (0ms) [Parameters=[], CommandType='Text', CommandTimeout='30']
      CREATE TABLE "aplicacao" (
          "Id" INTEGER NOT NULL CONSTRAINT "PK_aplicacao" PRIMARY KEY AUTOINCREMENT,
          "Nome" TEXT NOT NULL,
          "DtUltimaAtualizacao" TEXT NOT NULL DEFAULT (now())
      );
info: Microsoft.EntityFrameworkCore.Database.Command[20101]
      Executed DbCommand (0ms) [Parameters=[], CommandType='Text', CommandTimeout='30']
      CREATE TABLE "area" (
          "Id" INTEGER NOT NULL CONSTRAINT "PK_area" PRIMARY KEY AUTOINCREMENT,
          "Nome" TEXT NOT NULL,
          "DtUltimaAtualizacao" TEXT NOT NULL DEFAULT (now())
      );
info: Microsoft.EntityFrameworkCore.Database.Command[20101]
      Executed DbCommand (0ms) [Parameters=[], CommandType='Text', CommandTimeout='30']
      CREATE TABLE "cliente" (
          "Id" INTEGER NOT NULL CONSTRAINT "PK_cliente" PRIMARY KEY AUTOINCREMENT,
          "Nome" TEXT NOT NULL,
          "Cnpj" TEXT NOT NULL,
          "Email" TEXT NOT NULL,
          "Telefone" TEXT NOT NULL,
          "Foto" BLOB NULL,
          "DtUltimaAtualizacao" TEXT NOT NULL DEFAULT (now())
      );
info: Microsoft.EntityFrameworkCore.Database.Command[20101]
      Executed DbCommand (0ms) [Parameters=[], CommandType='Text', CommandTimeout='30']
      CREATE TABLE "log_auditoria" (
          "Id" INTEGER NOT NULL CONSTRAINT "PK_log_auditoria" PRIMARY KEY AUTOINCREMENT,
          "Usuario" TEXT NOT NULL,
          "Acao" TEXT NOT NULL,
          "Tabela" TEXT NOT NULL,
          "DadosAntigos" TEXT NOT NULL,
          "DadosNovos" TEXT NOT NULL,
          "DataHora" TEXT NOT NULL,
          "DtUltimaAtualizacao" TEXT NOT NULL
      );
info: Microsoft.EntityFrameworkCore.Database.Command[20101]
      Executed DbCommand (0ms) [Parameters=[], CommandType='Text', CommandTimeout='30']
      CREATE TABLE "modelo_controle" (
          "Id" INTEGER NOT NULL CONSTRAINT "PK_modelo_controle" PRIMARY KEY AUTOINCREMENT,
          "Nome" TEXT NOT NULL,
          "DtUltimaAtualizacao" TEXT NOT NULL DEFAULT (now())
      );
info: Microsoft.EntityFrameworkCore.Database.Command[20101]
      Executed DbCommand (0ms) [Parameters=[], CommandType='Text', CommandTimeout='30']
      CREATE TABLE "role" (
          "Id" INTEGER NOT NULL CONSTRAINT "PK_role" PRIMARY KEY AUTOINCREMENT,
          "Nome" TEXT NOT NULL,
          "DtUltimaAtualizacao" TEXT NOT NULL DEFAULT (now())
      );
info: Microsoft.EntityFrameworkCore.Database.Command[20101]
      Executed DbCommand (0ms) [Parameters=[], CommandType='Text', CommandTimeout='30']
      CREATE TABLE "cliente_investimento_google" (
          "Id" INTEGER NOT NULL CONSTRAINT "PK_cliente_investimento_google" PRIMARY KEY AUTOINCREMENT,
          "id_cliente" INTEGER NOT NULL,
          "vlr_investimento_google" decimal(38,2) NOT NULL DEFAULT '0.0',
          "id_area" INTEGER NULL,
          "data_referencia" TEXT NOT NULL DEFAULT (now()),
          "DtUltimaAtualizacao" TEXT NOT NULL DEFAULT (now()),
          CONSTRAINT "FK_cliente_investimento_google_area_id_area" FOREIGN KEY ("id_area") REFERENCES "area" ("Id"),
          CONSTRAINT "FK_cliente_investimento_google_cliente_id_cliente" FOREIGN KEY ("id_cliente") REFERENCES "cliente" ("Id") ON DELETE CASCADE
      );
info: Microsoft.EntityFrameworkCore.Database.Command[20101]
      Executed DbCommand (0ms) [Parameters=[], CommandType='Text', CommandTimeout='30']
      CREATE TABLE "cliente_investimento_meta" (
          "Id" INTEGER NOT NULL CONSTRAINT "PK_cliente_investimento_meta" PRIMARY KEY AUTOINCREMENT,
          "id_cliente" INTEGER NOT NULL,
          "vlr_investimento_meta" decimal(38,2) NOT NULL DEFAULT '0.0',
          "id_area" INTEGER NULL,
          "data_referencia" TEXT NOT NULL DEFAULT (now()),
          "DtUltimaAtualizacao" TEXT NOT NULL DEFAULT (now()),
          CONSTRAINT "FK_cliente_investimento_meta_area_id_area" FOREIGN KEY ("id_area") REFERENCES "area" ("Id"),
          CONSTRAINT "FK_cliente_investimento_meta_cliente_id_cliente" FOREIGN KEY ("id_cliente") REFERENCES "cliente" ("Id") ON DELETE CASCADE
      );
info: Microsoft.EntityFrameworkCore.Database.Command[20101]
      Executed DbCommand (0ms) [Parameters=[], CommandType='Text', CommandTimeout='30']
      CREATE TABLE "pessoa" (
          "Id" INTEGER NOT NULL CONSTRAINT "PK_pessoa" PRIMARY KEY AUTOINCREMENT,
          "Nome" TEXT NOT NULL,
          "Cpf" TEXT NOT NULL,
          "Email" TEXT NOT NULL,
          "Telefone" TEXT NOT NULL,
          "Foto" BLOB NULL,
          "DataNascimento" TEXT NULL,
          "IdCliente" INTEGER NULL,
          "DtUltimaAtualizacao" TEXT NOT NULL DEFAULT (now()),
          CONSTRAINT "FK_pessoa_cliente_IdCliente" FOREIGN KEY ("IdCliente") REFERENCES "cliente" ("Id")
      );
info: Microsoft.EntityFrameworkCore.Database.Command[20101]
      Executed DbCommand (0ms) [Parameters=[], CommandType='Text', CommandTimeout='30']
      CREATE TABLE "cliente_modelo_controle" (
          "Id" INTEGER NOT NULL CONSTRAINT "PK_cliente_modelo_controle" PRIMARY KEY AUTOINCREMENT,
          "IdCliente" INTEGER NOT NULL,
          "IdModeloControle" INTEGER NOT NULL,
          "DtUltimaAtualizacao" TEXT NOT NULL,
          CONSTRAINT "FK_cliente_modelo_controle_cliente_IdCliente" FOREIGN KEY ("IdCliente") REFERENCES "cliente" ("Id") ON DELETE CASCADE,
          CONSTRAINT "FK_cliente_modelo_controle_modelo_controle_IdModeloControle" FOREIGN KEY ("IdModeloControle") REFERENCES "modelo_controle" ("Id") ON DELETE CASCADE
      );
info: Microsoft.EntityFrameworkCore.Database.Command[20101]
      Executed DbCommand (0ms) [Parameters=[], CommandType='Text', CommandTimeout='30']
      CREATE TABLE "cargo" (
          "Id" INTEGER NOT NULL CONSTRAINT "PK_cargo" PRIMARY KEY AUTOINCREMENT,
          "Nome" TEXT NOT NULL,
          "IdRole" INTEGER NOT NULL,
          "DtUltimaAtualizacao" TEXT NOT NULL DEFAULT (now()),
          CONSTRAINT "FK_cargo_role_IdRole" FOREIGN KEY ("IdRole") REFERENCES "role" ("Id") ON DELETE CASCADE
      );
info: Microsoft.EntityFrameworkCore.Database.Command[20101]
      Executed DbCommand (0ms) [Parameters=[], CommandType='Text', CommandTimeout='30']
      CREATE TABLE "role_aplicacao" (
          "Id" INTEGER NOT NULL CONSTRAINT "PK_role_aplicacao" PRIMARY KEY AUTOINCREMENT,
          "IdRole" INTEGER NOT NULL,
          "IdAplicacao" INTEGER NOT NULL,
          "DtUltimaAtualizacao" TEXT NOT NULL DEFAULT (now()),
          CONSTRAINT "FK_role_aplicacao_aplicacao_IdAplicacao" FOREIGN KEY ("IdAplicacao") REFERENCES "aplicacao" ("Id") ON DELETE CASCADE,
          CONSTRAINT "FK_role_aplicacao_role_IdRole" FOREIGN KEY ("IdRole") REFERENCES "role" ("Id") ON DELETE CASCADE
      );
info: Microsoft.EntityFrameworkCore.Database.Command[20101]
      Executed DbCommand (0ms) [Parameters=[], CommandType='Text', CommandTimeout='30']
      CREATE TABLE "cargo_area" (
          "Id" INTEGER NOT NULL CONSTRAINT "PK_cargo_area" PRIMARY KEY AUTOINCREMENT,
          "IdCargo" INTEGER NOT NULL,
          "IdArea" INTEGER NOT NULL,
          "DtUltimaAtualizacao" TEXT NOT NULL DEFAULT (now()),
          CONSTRAINT "FK_cargo_area_area_IdArea" FOREIGN KEY ("IdArea") REFERENCES "area" ("Id") ON DELETE CASCADE,
          CONSTRAINT "FK_cargo_area_cargo_IdCargo" FOREIGN KEY ("IdCargo") REFERENCES "cargo" ("Id") ON DELETE CASCADE
      );
info: Microsoft.EntityFrameworkCore.Database.Command[20101]
      Executed DbCommand (0ms) [Parameters=[], CommandType='Text', CommandTimeout='30']
      CREATE TABLE "cliente_cargo" (
          "Id" INTEGER NOT NULL CONSTRAINT "PK_cliente_cargo" PRIMARY KEY AUTOINCREMENT,
          "IdCliente" INTEGER NOT NULL,
          "IdCargo" INTEGER NOT NULL,
          "DtUltimaAtualizacao" TEXT NOT NULL DEFAULT (now()),
          CONSTRAINT "FK_cliente_cargo_cargo_IdCargo" FOREIGN KEY ("IdCargo") REFERENCES "cargo" ("Id") ON DELETE CASCADE,
          CONSTRAINT "FK_cliente_cargo_cliente_IdCliente" FOREIGN KEY ("IdCliente") REFERENCES "cliente" ("Id") ON DELETE CASCADE
      );
info: Microsoft.EntityFrameworkCore.Database.Command[20101]
      Executed DbCommand (0ms) [Parameters=[], CommandType='Text', CommandTimeout='30']
      CREATE TABLE "usuario" (
          "Id" INTEGER NOT NULL CONSTRAINT "PK_usuario" PRIMARY KEY,
          "Login" TEXT NOT NULL,
          "Senha" TEXT NOT NULL,
          "FlAtivo" INTEGER NOT NULL DEFAULT 1,
          "DtUltimaAtualizacao" TEXT NOT NULL DEFAULT (now()),
          "IdCargo" INTEGER NOT NULL,
          CONSTRAINT "FK_usuario_cargo_IdCargo" FOREIGN KEY ("IdCargo") REFERENCES "cargo" ("Id") ON DELETE CASCADE,
          CONSTRAINT "FK_usuario_pessoa_Id" FOREIGN KEY ("Id") REFERENCES "pessoa" ("Id") ON DELETE CASCADE
      );
info: Microsoft.EntityFrameworkCore.Database.Command[20101]
      Executed DbCommand (0ms) [Parameters=[], CommandType='Text', CommandTimeout='30']
      CREATE TABLE "cliente_usuario" (
          "Id" INTEGER NOT NULL CONSTRAINT "PK_cliente_usuario" PRIMARY KEY AUTOINCREMENT,
          "IdCliente" INTEGER NOT NULL,
          "IdUsuario" INTEGER NOT NULL,
          "IdArea" INTEGER NOT NULL,
          "DtUltimaAtualizacao" TEXT NOT NULL DEFAULT (now()),
          CONSTRAINT "FK_cliente_usuario_area_IdArea" FOREIGN KEY ("IdArea") REFERENCES "area" ("Id") ON DELETE CASCADE,
          CONSTRAINT "FK_cliente_usuario_cliente_IdCliente" FOREIGN KEY ("IdCliente") REFERENCES "cliente" ("Id") ON DELETE CASCADE,
          CONSTRAINT "FK_cliente_usuario_usuario_IdUsuario" FOREIGN KEY ("IdUsuario") REFERENCES "usuario" ("Id") ON DELETE CASCADE
      );
info: Microsoft.EntityFrameworkCore.Database.Command[20101]
      Executed DbCommand (0ms) [Parameters=[], CommandType='Text', CommandTimeout='30']
      CREATE TABLE "lancamento" (
          "Id" INTEGER NOT NULL CONSTRAINT "PK_lancamento" PRIMARY KEY AUTOINCREMENT,
          "id_usuario" INTEGER NOT NULL,
          "id_modelo_controle" INTEGER NOT NULL,
          "data_lancamento" TEXT NOT NULL DEFAULT (now()),
          "DtUltimaAtualizacao" TEXT NOT NULL,
          CONSTRAINT "FK_lancamento_modelo_controle_id_modelo_controle" FOREIGN KEY ("id_modelo_controle") REFERENCES "modelo_controle" ("Id") ON DELETE CASCADE,
          CONSTRAINT "FK_lancamento_usuario_id_usuario" FOREIGN KEY ("id_usuario") REFERENCES "usuario" ("Id") ON DELETE CASCADE
      );
info: Microsoft.EntityFrameworkCore.Database.Command[20101]
      Executed DbCommand (0ms) [Parameters=[], CommandType='Text', CommandTimeout='30']
      CREATE TABLE "notificacao" (
          "Id" INTEGER NOT NULL CONSTRAINT "PK_notificacao" PRIMARY KEY AUTOINCREMENT,
          "Titulo" TEXT NOT NULL,
          "Mensagem" TEXT NOT NULL,
          "Lida" INTEGER NOT NULL,
          "IdUsuarioDestino" INTEGER NOT NULL,
          "Tipo" TEXT NOT NULL,
          "DtUltimaAtualizacao" TEXT NOT NULL DEFAULT (now()),
          CONSTRAINT "FK_notificacao_usuario_IdUsuarioDestino" FOREIGN KEY ("IdUsuarioDestino") REFERENCES "usuario" ("Id") ON DELETE CASCADE
      );
info: Microsoft.EntityFrameworkCore.Database.Command[20101]
      Executed DbCommand (0ms) [Parameters=[], CommandType='Text', CommandTimeout='30']
      CREATE TABLE "usuario_area" (
          "Id" INTEGER NOT NULL CONSTRAINT "PK_usuario_area" PRIMARY KEY AUTOINCREMENT,
          "IdUsuario" INTEGER NOT NULL,
          "IdArea" INTEGER NOT NULL,
          "DtUltimaAtualizacao" TEXT NOT NULL DEFAULT (now()),
          CONSTRAINT "FK_usuario_area_area_IdArea" FOREIGN KEY ("IdArea") REFERENCES "area" ("Id") ON DELETE CASCADE,
          CONSTRAINT "FK_usuario_area_usuario_IdUsuario" FOREIGN KEY ("IdUsuario") REFERENCES "usuario" ("Id") ON DELETE CASCADE
      );
info: Microsoft.EntityFrameworkCore.Database.Command[20101]
      Executed DbCommand (0ms) [Parameters=[], CommandType='Text', CommandTimeout='30']
      CREATE TABLE "lancamento_cadastro" (
          "Id" INTEGER NOT NULL CONSTRAINT "PK_lancamento_cadastro" PRIMARY KEY AUTOINCREMENT,
          "qtd_click_link" INTEGER NOT NULL,
          "qtd_cadastros" INTEGER NOT NULL,
          "vlr_ticket_medio" numeric(38,2) NOT NULL,
          "id_cliente_investimento_meta" INTEGER NULL,
          "id_cliente_investimento_google" INTEGER NULL,
          CONSTRAINT "FK_lancamento_cadastro_cliente_investimento_google_id_cliente_investimento_google" FOREIGN KEY ("id_cliente_investimento_google") REFERENCES "cliente_investimento_google" ("Id"),
          CONSTRAINT "FK_lancamento_cadastro_cliente_investimento_meta_id_cliente_investimento_meta" FOREIGN KEY ("id_cliente_investimento_meta") REFERENCES "cliente_investimento_meta" ("Id"),
          CONSTRAINT "FK_lancamento_cadastro_lancamento_Id" FOREIGN KEY ("Id") REFERENCES "lancamento" ("Id") ON DELETE CASCADE
      );
info: Microsoft.EntityFrameworkCore.Database.Command[20101]
      Executed DbCommand (0ms) [Parameters=[], CommandType='Text', CommandTimeout='30']
      CREATE TABLE "lancamento_saude" (
          "Id" INTEGER NOT NULL CONSTRAINT "PK_lancamento_saude" PRIMARY KEY AUTOINCREMENT,
          "qtd_click_meta" INTEGER NOT NULL,
          "qtd_click_google" INTEGER NOT NULL,
          "qtd_contatos_reais" INTEGER NOT NULL,
          "qtd_conversao_consultas" INTEGER NOT NULL,
          "vlr_ticket_medio_consultas" numeric(38,2) NULL,
          "qtd_entrada_redes_sociais" INTEGER NOT NULL,
          "qtd_entrada_google" INTEGER NOT NULL,
          "id_cliente_investimento_meta" INTEGER NULL,
          "id_cliente_investimento_google" INTEGER NULL,
          CONSTRAINT "FK_lancamento_saude_cliente_investimento_google_id_cliente_investimento_google" FOREIGN KEY ("id_cliente_investimento_google") REFERENCES "cliente_investimento_google" ("Id"),
          CONSTRAINT "FK_lancamento_saude_cliente_investimento_meta_id_cliente_investimento_meta" FOREIGN KEY ("id_cliente_investimento_meta") REFERENCES "cliente_investimento_meta" ("Id"),
          CONSTRAINT "FK_lancamento_saude_lancamento_Id" FOREIGN KEY ("Id") REFERENCES "lancamento" ("Id") ON DELETE CASCADE
      );
info: Microsoft.EntityFrameworkCore.Database.Command[20101]
      Executed DbCommand (0ms) [Parameters=[], CommandType='Text', CommandTimeout='30']
      CREATE TABLE "lancamento_varejo" (
          "Id" INTEGER NOT NULL CONSTRAINT "PK_lancamento_varejo" PRIMARY KEY AUTOINCREMENT,
          "qtd_atendimento" INTEGER NOT NULL,
          "qtd_fechamento" INTEGER NOT NULL,
          "faturamento" numeric(38,2) NOT NULL,
          "qtd_instagram" INTEGER NOT NULL,
          "qtd_facebook" INTEGER NOT NULL,
          "qtd_google" INTEGER NOT NULL,
          "qtd_indicacao" INTEGER NOT NULL,
          "id_cliente_investimento_meta" INTEGER NULL,
          "id_cliente_investimento_google" INTEGER NULL,
          CONSTRAINT "FK_lancamento_varejo_cliente_investimento_google_id_cliente_investimento_google" FOREIGN KEY ("id_cliente_investimento_google") REFERENCES "cliente_investimento_google" ("Id"),
          CONSTRAINT "FK_lancamento_varejo_cliente_investimento_meta_id_cliente_investimento_meta" FOREIGN KEY ("id_cliente_investimento_meta") REFERENCES "cliente_investimento_meta" ("Id"),
          CONSTRAINT "FK_lancamento_varejo_lancamento_Id" FOREIGN KEY ("Id") REFERENCES "lancamento" ("Id") ON DELETE CASCADE
      );
info: Microsoft.EntityFrameworkCore.Database.Command[20101]
      Executed DbCommand (0ms) [Parameters=[], CommandType='Text', CommandTimeout='30']
      INSERT INTO "aplicacao" ("Id", "DtUltimaAtualizacao", "Nome")
      VALUES (1, '2026-03-10 01:59:30.329178', 'P´┐¢gina Inicial');
      SELECT changes();
      INSERT INTO "aplicacao" ("Id", "DtUltimaAtualizacao", "Nome")
      VALUES (2, '2026-03-10 01:59:30.3291782', 'Dashboard');
      SELECT changes();
      INSERT INTO "aplicacao" ("Id", "DtUltimaAtualizacao", "Nome")
      VALUES (3, '2026-03-10 01:59:30.3291782', 'Gerenciamento de Cliente');
      SELECT changes();
      INSERT INTO "aplicacao" ("Id", "DtUltimaAtualizacao", "Nome")
      VALUES (4, '2026-03-10 01:59:30.3291783', 'Gerenciamento de Pessoa');
      SELECT changes();
      INSERT INTO "aplicacao" ("Id", "DtUltimaAtualizacao", "Nome")
      VALUES (5, '2026-03-10 01:59:30.3291784', 'Gerenciamento de Cargo');
      SELECT changes();
      INSERT INTO "aplicacao" ("Id", "DtUltimaAtualizacao", "Nome")
      VALUES (6, '2026-03-10 01:59:30.3291785', 'Gerenciamento de ´┐¢rea');
      SELECT changes();
      INSERT INTO "aplicacao" ("Id", "DtUltimaAtualizacao", "Nome")
      VALUES (7, '2026-03-10 01:59:30.3291786', 'Gerenciamento de Usu´┐¢rio');
      SELECT changes();
      INSERT INTO "aplicacao" ("Id", "DtUltimaAtualizacao", "Nome")
      VALUES (8, '2026-03-10 01:59:30.3291787', 'Relat´┐¢rios');
      SELECT changes();
      INSERT INTO "aplicacao" ("Id", "DtUltimaAtualizacao", "Nome")
      VALUES (9, '2026-03-10 01:59:30.3291901', 'Configura´┐¢´┐¢es');
      SELECT changes();
      INSERT INTO "aplicacao" ("Id", "DtUltimaAtualizacao", "Nome")
      VALUES (10, '2026-03-10 01:59:30.3291902', 'Gerenciamento de Modelo de Controle');
      SELECT changes();
      INSERT INTO "aplicacao" ("Id", "DtUltimaAtualizacao", "Nome")
      VALUES (11, '2026-03-10 01:59:30.3291903', 'Gerenciamento de Lan´┐¢amentos');
      SELECT changes();
      INSERT INTO "aplicacao" ("Id", "DtUltimaAtualizacao", "Nome")
      VALUES (12, '2026-03-10 01:59:30.3291904', 'Gerenciamento de Investimentos');
      SELECT changes();
info: Microsoft.EntityFrameworkCore.Database.Command[20101]
      Executed DbCommand (0ms) [Parameters=[], CommandType='Text', CommandTimeout='30']
      INSERT INTO "area" ("Id", "DtUltimaAtualizacao", "Nome")
      VALUES (1, '2026-03-10 01:59:30.3292322', 'Administra´┐¢´┐¢o');
      SELECT changes();
info: Microsoft.EntityFrameworkCore.Database.Command[20101]
      Executed DbCommand (0ms) [Parameters=[], CommandType='Text', CommandTimeout='30']
      INSERT INTO "cliente" ("Id", "Cnpj", "DtUltimaAtualizacao", "Email", "Foto", "Nome", "Telefone")
      VALUES (1, '00000000000000', '2026-03-10 01:59:30.329215', 'suporte@analytica.com', NULL, 'Analytica IDA', '00000000000');
      SELECT changes();
info: Microsoft.EntityFrameworkCore.Database.Command[20101]
      Executed DbCommand (0ms) [Parameters=[], CommandType='Text', CommandTimeout='30']
      INSERT INTO "modelo_controle" ("Id", "DtUltimaAtualizacao", "Nome")
      VALUES (1, '2026-03-10 01:59:30.3291984', 'Cadastros');
      SELECT changes();
      INSERT INTO "modelo_controle" ("Id", "DtUltimaAtualizacao", "Nome")
      VALUES (2, '2026-03-10 01:59:30.3291986', 'Varejo');
      SELECT changes();
      INSERT INTO "modelo_controle" ("Id", "DtUltimaAtualizacao", "Nome")
      VALUES (3, '2026-03-10 01:59:30.3291987', 'Sa´┐¢de');
      SELECT changes();
info: Microsoft.EntityFrameworkCore.Database.Command[20101]
      Executed DbCommand (0ms) [Parameters=[], CommandType='Text', CommandTimeout='30']
      INSERT INTO "role" ("Id", "DtUltimaAtualizacao", "Nome")
      VALUES (1, '2026-03-10 01:59:30.3291615', 'admin');
      SELECT changes();
      INSERT INTO "role" ("Id", "DtUltimaAtualizacao", "Nome")
      VALUES (2, '2026-03-10 01:59:30.3291623', 'propriet´┐¢rio');
      SELECT changes();
      INSERT INTO "role" ("Id", "DtUltimaAtualizacao", "Nome")
      VALUES (3, '2026-03-10 01:59:30.3291625', 'supervisor');
      SELECT changes();
      INSERT INTO "role" ("Id", "DtUltimaAtualizacao", "Nome")
      VALUES (4, '2026-03-10 01:59:30.3291626', 'vendedor');
      SELECT changes();
info: Microsoft.EntityFrameworkCore.Database.Command[20101]
      Executed DbCommand (0ms) [Parameters=[], CommandType='Text', CommandTimeout='30']
      INSERT INTO "cargo" ("Id", "DtUltimaAtualizacao", "IdRole", "Nome")
      VALUES (1, '2026-03-10 01:59:30.3292231', 1, 'Administrador');
      SELECT changes();
info: Microsoft.EntityFrameworkCore.Database.Command[20101]
      Executed DbCommand (0ms) [Parameters=[], CommandType='Text', CommandTimeout='30']
      INSERT INTO "pessoa" ("Id", "Cpf", "DataNascimento", "DtUltimaAtualizacao", "Email", "Foto", "IdCliente", "Nome", "Telefone")
      VALUES (1, '00000000000', NULL, '2026-03-10 01:59:30.3292518', 'suporte@analytica.com', NULL, 1, 'Administrador', '00000000000');
      SELECT changes();
info: Microsoft.EntityFrameworkCore.Database.Command[20101]
      Executed DbCommand (1ms) [Parameters=[], CommandType='Text', CommandTimeout='30']
      INSERT INTO "role_aplicacao" ("Id", "DtUltimaAtualizacao", "IdAplicacao", "IdRole")
      VALUES (1, '2026-03-10 01:59:30.3292029', 1, 1);
      SELECT changes();
      INSERT INTO "role_aplicacao" ("Id", "DtUltimaAtualizacao", "IdAplicacao", "IdRole")
      VALUES (2, '2026-03-10 01:59:30.3292037', 2, 1);
      SELECT changes();
      INSERT INTO "role_aplicacao" ("Id", "DtUltimaAtualizacao", "IdAplicacao", "IdRole")
      VALUES (3, '2026-03-10 01:59:30.3292038', 3, 1);
      SELECT changes();
      INSERT INTO "role_aplicacao" ("Id", "DtUltimaAtualizacao", "IdAplicacao", "IdRole")
      VALUES (4, '2026-03-10 01:59:30.3292039', 4, 1);
      SELECT changes();
      INSERT INTO "role_aplicacao" ("Id", "DtUltimaAtualizacao", "IdAplicacao", "IdRole")
      VALUES (5, '2026-03-10 01:59:30.3292039', 5, 1);
      SELECT changes();
      INSERT INTO "role_aplicacao" ("Id", "DtUltimaAtualizacao", "IdAplicacao", "IdRole")
      VALUES (6, '2026-03-10 01:59:30.329204', 6, 1);
      SELECT changes();
      INSERT INTO "role_aplicacao" ("Id", "DtUltimaAtualizacao", "IdAplicacao", "IdRole")
      VALUES (7, '2026-03-10 01:59:30.329204', 7, 1);
      SELECT changes();
      INSERT INTO "role_aplicacao" ("Id", "DtUltimaAtualizacao", "IdAplicacao", "IdRole")
      VALUES (8, '2026-03-10 01:59:30.3292041', 8, 1);
      SELECT changes();
      INSERT INTO "role_aplicacao" ("Id", "DtUltimaAtualizacao", "IdAplicacao", "IdRole")
      VALUES (9, '2026-03-10 01:59:30.3292042', 9, 1);
      SELECT changes();
      INSERT INTO "role_aplicacao" ("Id", "DtUltimaAtualizacao", "IdAplicacao", "IdRole")
      VALUES (10, '2026-03-10 01:59:30.3292044', 1, 2);
      SELECT changes();
      INSERT INTO "role_aplicacao" ("Id", "DtUltimaAtualizacao", "IdAplicacao", "IdRole")
      VALUES (11, '2026-03-10 01:59:30.3292045', 2, 2);
      SELECT changes();
      INSERT INTO "role_aplicacao" ("Id", "DtUltimaAtualizacao", "IdAplicacao", "IdRole")
      VALUES (12, '2026-03-10 01:59:30.3292046', 4, 2);
      SELECT changes();
      INSERT INTO "role_aplicacao" ("Id", "DtUltimaAtualizacao", "IdAplicacao", "IdRole")
      VALUES (13, '2026-03-10 01:59:30.3292046', 5, 2);
      SELECT changes();
      INSERT INTO "role_aplicacao" ("Id", "DtUltimaAtualizacao", "IdAplicacao", "IdRole")
      VALUES (14, '2026-03-10 01:59:30.3292047', 6, 2);
      SELECT changes();
      INSERT INTO "role_aplicacao" ("Id", "DtUltimaAtualizacao", "IdAplicacao", "IdRole")
      VALUES (15, '2026-03-10 01:59:30.3292047', 7, 2);
      SELECT changes();
      INSERT INTO "role_aplicacao" ("Id", "DtUltimaAtualizacao", "IdAplicacao", "IdRole")
      VALUES (16, '2026-03-10 01:59:30.3292048', 8, 2);
      SELECT changes();
      INSERT INTO "role_aplicacao" ("Id", "DtUltimaAtualizacao", "IdAplicacao", "IdRole")
      VALUES (17, '2026-03-10 01:59:30.3292049', 1, 3);
      SELECT changes();
      INSERT INTO "role_aplicacao" ("Id", "DtUltimaAtualizacao", "IdAplicacao", "IdRole")
      VALUES (18, '2026-03-10 01:59:30.329205', 2, 3);
      SELECT changes();
      INSERT INTO "role_aplicacao" ("Id", "DtUltimaAtualizacao", "IdAplicacao", "IdRole")
      VALUES (19, '2026-03-10 01:59:30.3292051', 4, 3);
      SELECT changes();
      INSERT INTO "role_aplicacao" ("Id", "DtUltimaAtualizacao", "IdAplicacao", "IdRole")
      VALUES (20, '2026-03-10 01:59:30.3292051', 7, 3);
      SELECT changes();
      INSERT INTO "role_aplicacao" ("Id", "DtUltimaAtualizacao", "IdAplicacao", "IdRole")
      VALUES (21, '2026-03-10 01:59:30.3292052', 8, 3);
      SELECT changes();
      INSERT INTO "role_aplicacao" ("Id", "DtUltimaAtualizacao", "IdAplicacao", "IdRole")
      VALUES (22, '2026-03-10 01:59:30.3292053', 1, 4);
      SELECT changes();
      INSERT INTO "role_aplicacao" ("Id", "DtUltimaAtualizacao", "IdAplicacao", "IdRole")
      VALUES (23, '2026-03-10 01:59:30.3292054', 2, 4);
      SELECT changes();
      INSERT INTO "role_aplicacao" ("Id", "DtUltimaAtualizacao", "IdAplicacao", "IdRole")
      VALUES (24, '2026-03-10 01:59:30.3292054', 8, 4);
      SELECT changes();
      INSERT INTO "role_aplicacao" ("Id", "DtUltimaAtualizacao", "IdAplicacao", "IdRole")
      VALUES (25, '2026-03-10 01:59:30.3292042', 10, 1);
      SELECT changes();
      INSERT INTO "role_aplicacao" ("Id", "DtUltimaAtualizacao", "IdAplicacao", "IdRole")
      VALUES (26, '2026-03-10 01:59:30.3292049', 11, 2);
      SELECT changes();
      INSERT INTO "role_aplicacao" ("Id", "DtUltimaAtualizacao", "IdAplicacao", "IdRole")
      VALUES (27, '2026-03-10 01:59:30.3292053', 11, 3);
      SELECT changes();
      INSERT INTO "role_aplicacao" ("Id", "DtUltimaAtualizacao", "IdAplicacao", "IdRole")
      VALUES (28, '2026-03-10 01:59:30.3292055', 11, 4);
      SELECT changes();
      INSERT INTO "role_aplicacao" ("Id", "DtUltimaAtualizacao", "IdAplicacao", "IdRole")
      VALUES (29, '2026-03-10 01:59:30.3292043', 11, 1);
      SELECT changes();
      INSERT INTO "role_aplicacao" ("Id", "DtUltimaAtualizacao", "IdAplicacao", "IdRole")
      VALUES (30, '2026-03-10 01:59:30.3292044', 12, 1);
      SELECT changes();
info: Microsoft.EntityFrameworkCore.Database.Command[20101]
      Executed DbCommand (0ms) [Parameters=[], CommandType='Text', CommandTimeout='30']
      INSERT INTO "cargo_area" ("Id", "DtUltimaAtualizacao", "IdArea", "IdCargo")
      VALUES (1, '2026-03-10 01:59:30.3292458', 1, 1);
      SELECT changes();
info: Microsoft.EntityFrameworkCore.Database.Command[20101]
      Executed DbCommand (0ms) [Parameters=[], CommandType='Text', CommandTimeout='30']
      INSERT INTO "cliente_cargo" ("Id", "DtUltimaAtualizacao", "IdCargo", "IdCliente")
      VALUES (1, '2026-03-10 01:59:30.3292379', 1, 1);
      SELECT changes();
info: Microsoft.EntityFrameworkCore.Database.Command[20101]
      Executed DbCommand (0ms) [Parameters=[], CommandType='Text', CommandTimeout='30']
      INSERT INTO "usuario" ("Id", "DtUltimaAtualizacao", "FlAtivo", "IdCargo", "Login", "Senha")
      VALUES (1, '2026-03-09 22:59:30.3292612', 1, 1, 'admin', '$2a$11$Yw4LRy/Z7elngAZgT9REAeMdjypLbxeRKqRhHa43Y3Q3kGT5vogYO');
      SELECT changes();
info: Microsoft.EntityFrameworkCore.Database.Command[20101]
      Executed DbCommand (0ms) [Parameters=[], CommandType='Text', CommandTimeout='30']
      INSERT INTO "usuario_area" ("Id", "DtUltimaAtualizacao", "IdArea", "IdUsuario")
      VALUES (1, '2026-03-10 01:59:30.4474604', 1, 1);
      SELECT changes();
info: Microsoft.EntityFrameworkCore.Database.Command[20101]
      Executed DbCommand (0ms) [Parameters=[], CommandType='Text', CommandTimeout='30']
      CREATE INDEX "IX_cargo_IdRole" ON "cargo" ("IdRole");
info: Microsoft.EntityFrameworkCore.Database.Command[20101]
      Executed DbCommand (0ms) [Parameters=[], CommandType='Text', CommandTimeout='30']
      CREATE INDEX "IX_cargo_area_IdArea" ON "cargo_area" ("IdArea");
info: Microsoft.EntityFrameworkCore.Database.Command[20101]
      Executed DbCommand (0ms) [Parameters=[], CommandType='Text', CommandTimeout='30']
      CREATE INDEX "IX_cargo_area_IdCargo" ON "cargo_area" ("IdCargo");
info: Microsoft.EntityFrameworkCore.Database.Command[20101]
      Executed DbCommand (0ms) [Parameters=[], CommandType='Text', CommandTimeout='30']
      CREATE INDEX "IX_cliente_cargo_IdCargo" ON "cliente_cargo" ("IdCargo");
info: Microsoft.EntityFrameworkCore.Database.Command[20101]
      Executed DbCommand (0ms) [Parameters=[], CommandType='Text', CommandTimeout='30']
      CREATE INDEX "IX_cliente_cargo_IdCliente" ON "cliente_cargo" ("IdCliente");
info: Microsoft.EntityFrameworkCore.Database.Command[20101]
      Executed DbCommand (0ms) [Parameters=[], CommandType='Text', CommandTimeout='30']
      CREATE INDEX "IX_cliente_investimento_google_id_area" ON "cliente_investimento_google" ("id_area");
info: Microsoft.EntityFrameworkCore.Database.Command[20101]
      Executed DbCommand (0ms) [Parameters=[], CommandType='Text', CommandTimeout='30']
      CREATE INDEX "IX_cliente_investimento_google_id_cliente" ON "cliente_investimento_google" ("id_cliente");
info: Microsoft.EntityFrameworkCore.Database.Command[20101]
      Executed DbCommand (0ms) [Parameters=[], CommandType='Text', CommandTimeout='30']
      CREATE INDEX "IX_cliente_investimento_meta_id_area" ON "cliente_investimento_meta" ("id_area");
info: Microsoft.EntityFrameworkCore.Database.Command[20101]
      Executed DbCommand (0ms) [Parameters=[], CommandType='Text', CommandTimeout='30']
      CREATE INDEX "IX_cliente_investimento_meta_id_cliente" ON "cliente_investimento_meta" ("id_cliente");
info: Microsoft.EntityFrameworkCore.Database.Command[20101]
      Executed DbCommand (0ms) [Parameters=[], CommandType='Text', CommandTimeout='30']
      CREATE INDEX "IX_cliente_modelo_controle_IdCliente" ON "cliente_modelo_controle" ("IdCliente");
info: Microsoft.EntityFrameworkCore.Database.Command[20101]
      Executed DbCommand (0ms) [Parameters=[], CommandType='Text', CommandTimeout='30']
      CREATE INDEX "IX_cliente_modelo_controle_IdModeloControle" ON "cliente_modelo_controle" ("IdModeloControle");
info: Microsoft.EntityFrameworkCore.Database.Command[20101]
      Executed DbCommand (0ms) [Parameters=[], CommandType='Text', CommandTimeout='30']
      CREATE INDEX "IX_cliente_usuario_IdArea" ON "cliente_usuario" ("IdArea");
info: Microsoft.EntityFrameworkCore.Database.Command[20101]
      Executed DbCommand (0ms) [Parameters=[], CommandType='Text', CommandTimeout='30']
      CREATE INDEX "IX_cliente_usuario_IdCliente" ON "cliente_usuario" ("IdCliente");
info: Microsoft.EntityFrameworkCore.Database.Command[20101]
      Executed DbCommand (0ms) [Parameters=[], CommandType='Text', CommandTimeout='30']
      CREATE INDEX "IX_cliente_usuario_IdUsuario" ON "cliente_usuario" ("IdUsuario");
info: Microsoft.EntityFrameworkCore.Database.Command[20101]
      Executed DbCommand (0ms) [Parameters=[], CommandType='Text', CommandTimeout='30']
      CREATE INDEX "IX_lancamento_id_modelo_controle" ON "lancamento" ("id_modelo_controle");
info: Microsoft.EntityFrameworkCore.Database.Command[20101]
      Executed DbCommand (0ms) [Parameters=[], CommandType='Text', CommandTimeout='30']
      CREATE INDEX "IX_lancamento_id_usuario" ON "lancamento" ("id_usuario");
info: Microsoft.EntityFrameworkCore.Database.Command[20101]
      Executed DbCommand (0ms) [Parameters=[], CommandType='Text', CommandTimeout='30']
      CREATE INDEX "IX_lancamento_cadastro_id_cliente_investimento_google" ON "lancamento_cadastro" ("id_cliente_investimento_google");
info: Microsoft.EntityFrameworkCore.Database.Command[20101]
      Executed DbCommand (0ms) [Parameters=[], CommandType='Text', CommandTimeout='30']
      CREATE INDEX "IX_lancamento_cadastro_id_cliente_investimento_meta" ON "lancamento_cadastro" ("id_cliente_investimento_meta");
info: Microsoft.EntityFrameworkCore.Database.Command[20101]
      Executed DbCommand (0ms) [Parameters=[], CommandType='Text', CommandTimeout='30']
      CREATE INDEX "IX_lancamento_saude_id_cliente_investimento_google" ON "lancamento_saude" ("id_cliente_investimento_google");
info: Microsoft.EntityFrameworkCore.Database.Command[20101]
      Executed DbCommand (0ms) [Parameters=[], CommandType='Text', CommandTimeout='30']
      CREATE INDEX "IX_lancamento_saude_id_cliente_investimento_meta" ON "lancamento_saude" ("id_cliente_investimento_meta");
info: Microsoft.EntityFrameworkCore.Database.Command[20101]
      Executed DbCommand (0ms) [Parameters=[], CommandType='Text', CommandTimeout='30']
      CREATE INDEX "IX_lancamento_varejo_id_cliente_investimento_google" ON "lancamento_varejo" ("id_cliente_investimento_google");
info: Microsoft.EntityFrameworkCore.Database.Command[20101]
      Executed DbCommand (0ms) [Parameters=[], CommandType='Text', CommandTimeout='30']
      CREATE INDEX "IX_lancamento_varejo_id_cliente_investimento_meta" ON "lancamento_varejo" ("id_cliente_investimento_meta");
info: Microsoft.EntityFrameworkCore.Database.Command[20101]
      Executed DbCommand (0ms) [Parameters=[], CommandType='Text', CommandTimeout='30']
      CREATE INDEX "IX_notificacao_IdUsuarioDestino" ON "notificacao" ("IdUsuarioDestino");
info: Microsoft.EntityFrameworkCore.Database.Command[20101]
      Executed DbCommand (0ms) [Parameters=[], CommandType='Text', CommandTimeout='30']
      CREATE INDEX "IX_pessoa_IdCliente" ON "pessoa" ("IdCliente");
info: Microsoft.EntityFrameworkCore.Database.Command[20101]
      Executed DbCommand (0ms) [Parameters=[], CommandType='Text', CommandTimeout='30']
      CREATE INDEX "IX_role_aplicacao_IdAplicacao" ON "role_aplicacao" ("IdAplicacao");
info: Microsoft.EntityFrameworkCore.Database.Command[20101]
      Executed DbCommand (0ms) [Parameters=[], CommandType='Text', CommandTimeout='30']
      CREATE INDEX "IX_role_aplicacao_IdRole" ON "role_aplicacao" ("IdRole");
info: Microsoft.EntityFrameworkCore.Database.Command[20101]
      Executed DbCommand (0ms) [Parameters=[], CommandType='Text', CommandTimeout='30']
      CREATE INDEX "IX_usuario_IdCargo" ON "usuario" ("IdCargo");
info: Microsoft.EntityFrameworkCore.Database.Command[20101]
      Executed DbCommand (0ms) [Parameters=[], CommandType='Text', CommandTimeout='30']
      CREATE INDEX "IX_usuario_area_IdArea" ON "usuario_area" ("IdArea");
info: Microsoft.EntityFrameworkCore.Database.Command[20101]
      Executed DbCommand (0ms) [Parameters=[], CommandType='Text', CommandTimeout='30']
      CREATE INDEX "IX_usuario_area_IdUsuario" ON "usuario_area" ("IdUsuario");
warn: Microsoft.AspNetCore.HttpsPolicy.HttpsRedirectionMiddleware[3]
      Failed to determine the https port for redirect.
info: Microsoft.EntityFrameworkCore.Database.Command[20101]
      Executed DbCommand (0ms) [Parameters=[], CommandType='Text', CommandTimeout='30']
      SELECT COUNT(*)
      FROM "lancamento" AS "l"
      INNER JOIN "lancamento_varejo" AS "l0" ON "l"."Id" = "l0"."Id"
info: Microsoft.EntityFrameworkCore.Database.Command[20101]
      Executed DbCommand (0ms) [Parameters=[], CommandType='Text', CommandTimeout='30']
      SELECT COUNT(*)
      FROM "lancamento" AS "l"
      INNER JOIN "lancamento_cadastro" AS "l0" ON "l"."Id" = "l0"."Id"
info: Microsoft.EntityFrameworkCore.Database.Command[20101]
      Executed DbCommand (0ms) [Parameters=[], CommandType='Text', CommandTimeout='30']
      SELECT COUNT(*)
      FROM "lancamento" AS "l"
      INNER JOIN "lancamento_saude" AS "l0" ON "l"."Id" = "l0"."Id"
[xUnit.net 
00:00:02.76]     backen
d.Tests.DashboardContro
llerTests.GetVarejoStat
s_SellerBreakdown_Inclu
desAreaName [FAIL]
[xUnit.net 00:00:02.76]       System.NotSupportedException : SQLite cannot apply aggregate operator 'Sum' on expressions of type 'decimal'. Convert the values to a supported type, or use LINQ to Objects to aggregate the results on the client side.
[xUnit.net 00:00:02.76]       Stack Trace:
[xUnit.net 00:00:02.76]            at Microsoft.EntityFrameworkCore.Sqlite.Query.Internal.SqliteQueryableAggregateMethodTranslator.Translate(MethodInfo method, EnumerableExpression source, IReadOnlyList`1 arguments, IDiagnosticsLogger`1 logger)
[xUnit.net 00:00:02.76]            at Microsoft.EntityFrameworkCore.Query.RelationalAggregateMethodCallTranslatorProvider.<>c__DisplayClass6_0.<Translate>b__0(IAggregateMethodCallTranslator t)
[xUnit.net 00:00:02.76]            at System.Linq.Enumerable.SelectEnumerableIterator`2.MoveNext()
[xUnit.net 00:00:02.76]            at System.Linq.Enumerable.TryGetFirst[TSource](IEnumerable`1 source, Func`2 predicate, Boolean& found)
[xUnit.net 00:00:02.76]            at System.Linq.Enumerable.FirstOrDefault[TSource](IEnumerable`1 source, Func`2 predicate)
[xUnit.net 00:00:02.76]            at Microsoft.EntityFrameworkCore.Query.RelationalAggregateMethodCallTranslatorProvider.Translate(IModel model, MethodInfo method, EnumerableExpression source, IReadOnlyList`1 arguments, IDiagnosticsLogger`1 logger)
[xUnit.net 00:00:02.76]            at Microsoft.EntityFrameworkCore.Query.RelationalSqlTranslatingExpressionVisitor.TranslateAggregateMethod(EnumerableExpression enumerableExpression, MethodInfo method, List`1 scalarArguments)
[xUnit.net 00:00:02.76]            at Microsoft.EntityFrameworkCore.Query.RelationalSqlTranslatingExpressionVisitor.TryTranslateAggregateMethodCall(MethodCallExpression methodCallExpression, SqlExpression& translation)
[xUnit.net 00:00:02.76]            at Microsoft.EntityFrameworkCore.Query.RelationalSqlTranslatingExpressionVisitor.VisitMethodCall(MethodCallExpression methodCallExpression)
[xUnit.net 00:00:02.76]            at Microsoft.EntityFrameworkCore.Sqlite.Query.Internal.SqliteSqlTranslatingExpressionVisitor.VisitMethodCall(MethodCallExpression methodCallExpression)
[xUnit.net 00:00:02.76]            at Microsoft.EntityFrameworkCore.Query.RelationalSqlTranslatingExpressionVisitor.TranslateInternal(Expression expression, Boolean applyDefaultTypeMapping)
[xUnit.net 00:00:02.76]            at Microsoft.EntityFrameworkCore.Query.RelationalSqlTranslatingExpressionVisitor.Translate(Expression expression, Boolean applyDefaultTypeMapping)
[xUnit.net 00:00:02.76]            at Microsoft.EntityFrameworkCore.Query.RelationalQueryableMethodTranslatingExpressionVisitor.TranslateAggregateWithSelector(ShapedQueryExpression source, LambdaExpression selectorLambda, Func`2 methodGenerator, Boolean throwWhenEmpty, Type resultType)
[xUnit.net 00:00:02.76]            at Microsoft.EntityFrameworkCore.Query.RelationalQueryableMethodTranslatingExpressionVisitor.TranslateSum(ShapedQueryExpression source, LambdaExpression selector, Type resultType)
[xUnit.net 00:00:02.76]            at Microsoft.EntityFrameworkCore.Query.QueryableMethodTranslatingExpressionVisitor.VisitMethodCall(MethodCallExpression methodCallExpression)
[xUnit.net 00:00:02.76]            at Microsoft.EntityFrameworkCore.Query.RelationalQueryableMethodTranslatingExpressionVisitor.VisitMethodCall(MethodCallExpression methodCallExpression)
[xUnit.net 00:00:02.76]            at Microsoft.EntityFrameworkCore.Query.QueryableMethodTranslatingExpressionVisitor.Translate(Expression expression)
[xUnit.net 00:00:02.76]            at Microsoft.EntityFrameworkCore.Query.RelationalQueryableMethodTranslatingExpressionVisitor.Translate(Expression expression)
[xUnit.net 00:00:02.76]            at Microsoft.EntityFrameworkCore.Query.QueryCompilationContext.CreateQueryExecutor[TResult](Expression query)
[xUnit.net 00:00:02.76]            at Microsoft.EntityFrameworkCore.Storage.Database.CompileQuery[TResult](Expression query, Boolean async)
[xUnit.net 00:00:02.76]            at Microsoft.EntityFrameworkCore.Query.Internal.QueryCompiler.CompileQueryCore[TResult](IDatabase database, Expression query, IModel model, Boolean async)
[xUnit.net 00:00:02.76]            at Microsoft.EntityFrameworkCore.Query.Internal.QueryCompiler.<>c__DisplayClass12_0`1.<ExecuteAsync>b__0()
[xUnit.net 00:00:02.76]            at Microsoft.EntityFrameworkCore.Query.Internal.CompiledQueryCache.GetOrAddQuery[TResult](Object cacheKey, Func`1 compiler)
[xUnit.net 00:00:02.76]            at Microsoft.EntityFrameworkCore.Query.Internal.QueryCompiler.ExecuteAsync[TResult](Expression query, CancellationToken cancellationToken)
[xUnit.net 00:00:02.76]            at Microsoft.EntityFrameworkCore.Query.Internal.EntityQueryProvider.ExecuteAsync[TResult](Expression expression, CancellationToken cancellationToken)
[xUnit.net 00:00:02.76]            at Microsoft.EntityFrameworkCore.EntityFrameworkQueryableExtensions.ExecuteAsync[TSource,TResult](MethodInfo operatorMethodInfo, IQueryable`1 source, Expression expression, CancellationToken cancellationToken)
[xUnit.net 00:00:02.76]            at Microsoft.EntityFrameworkCore.EntityFrameworkQueryableExtensions.ExecuteAsync[TSource,TResult](MethodInfo operatorMethodInfo, IQueryable`1 source, LambdaExpression expression, CancellationToken cancellationToken)
[xUnit.net 00:00:02.76]            at Microsoft.EntityFrameworkCore.EntityFrameworkQueryableExtensions.SumAsync[TSource](IQueryable`1 source, Expression`1 selector, CancellationToken cancellationToken)
[xUnit.net 00:00:02.76]         C:\Portif├│lio\ida\backend\Controllers\DashboardController.cs(185,0): at backend.Controllers.DashboardController.GetVarejoStats(Nullable`1 idCliente, Nullable`1 idArea, Nullable`1 startDate, Nullable`1 endDate)
[xUnit.net 00:00:02.76]         C:\Portif├│lio\ida\backend.Tests\DashboardControllerTests.cs(310,0): at backend.Tests.DashboardControllerTests.GetVarejoStats_SellerBreakdown_IncludesAreaName()
[xUnit.net 00:00:02.76]         --- End of stack trace from previous location ---
[xUnit.net 
00:00:02.85]     backen
d.Tests.DashboardContro
llerTests.GetVarejoStat
s_NonAdmin_EnforcesOwnC
lientId [FAIL]
[xUnit.net 00:00:02.85]       System.NotSupportedException : SQLite cannot apply aggregate operator 'Sum' on expressions of type 'decimal'. Convert the values to a supported type, or use LINQ to Objects to aggregate the results on the client side.
[xUnit.net 00:00:02.85]       Stack Trace:
[xUnit.net 00:00:02.85]            at Microsoft.EntityFrameworkCore.Sqlite.Query.Internal.SqliteQueryableAggregateMethodTranslator.Translate(MethodInfo method, EnumerableExpression source, IReadOnlyList`1 arguments, IDiagnosticsLogger`1 logger)
[xUnit.net 00:00:02.85]            at Microsoft.EntityFrameworkCore.Query.RelationalAggregateMethodCallTranslatorProvider.<>c__DisplayClass6_0.<Translate>b__0(IAggregateMethodCallTranslator t)
[xUnit.net 00:00:02.85]            at System.Linq.Enumerable.SelectEnumerableIterator`2.MoveNext()
[xUnit.net 00:00:02.85]            at System.Linq.Enumerable.TryGetFirst[TSource](IEnumerable`1 source, Func`2 predicate, Boolean& found)
[xUnit.net 00:00:02.85]            at System.Linq.Enumerable.FirstOrDefault[TSource](IEnumerable`1 source, Func`2 predicate)
[xUnit.net 00:00:02.85]            at Microsoft.EntityFrameworkCore.Query.RelationalAggregateMethodCallTranslatorProvider.Translate(IModel model, MethodInfo method, EnumerableExpression source, IReadOnlyList`1 arguments, IDiagnosticsLogger`1 logger)
[xUnit.net 00:00:02.85]            at Microsoft.EntityFrameworkCore.Query.RelationalSqlTranslatingExpressionVisitor.TranslateAggregateMethod(EnumerableExpression enumerableExpression, MethodInfo method, List`1 scalarArguments)
[xUnit.net 00:00:02.85]            at Microsoft.EntityFrameworkCore.Query.RelationalSqlTranslatingExpressionVisitor.TryTranslateAggregateMethodCall(MethodCallExpression methodCallExpression, SqlExpression& translation)
[xUnit.net 00:00:02.85]            at Microsoft.EntityFrameworkCore.Query.RelationalSqlTranslatingExpressionVisitor.VisitMethodCall(MethodCallExpression methodCallExpression)
[xUnit.net 00:00:02.85]            at Microsoft.EntityFrameworkCore.Sqlite.Query.Internal.SqliteSqlTranslatingExpressionVisitor.VisitMethodCall(MethodCallExpression methodCallExpression)
[xUnit.net 00:00:02.85]            at Microsoft.EntityFrameworkCore.Query.RelationalSqlTranslatingExpressionVisitor.TranslateInternal(Expression expression, Boolean applyDefaultTypeMapping)
[xUnit.net 00:00:02.85]            at Microsoft.EntityFrameworkCore.Query.RelationalSqlTranslatingExpressionVisitor.Translate(Expression expression, Boolean applyDefaultTypeMapping)
[xUnit.net 00:00:02.85]            at Microsoft.EntityFrameworkCore.Query.RelationalQueryableMethodTranslatingExpressionVisitor.TranslateAggregateWithSelector(ShapedQueryExpression source, LambdaExpression selectorLambda, Func`2 methodGenerator, Boolean throwWhenEmpty, Type resultType)
[xUnit.net 00:00:02.85]            at Microsoft.EntityFrameworkCore.Query.RelationalQueryableMethodTranslatingExpressionVisitor.TranslateSum(ShapedQueryExpression source, LambdaExpression selector, Type resultType)
[xUnit.net 00:00:02.85]            at Microsoft.EntityFrameworkCore.Query.QueryableMethodTranslatingExpressionVisitor.VisitMethodCall(MethodCallExpression methodCallExpression)
[xUnit.net 00:00:02.85]            at Microsoft.EntityFrameworkCore.Query.RelationalQueryableMethodTranslatingExpressionVisitor.VisitMethodCall(MethodCallExpression methodCallExpression)
[xUnit.net 00:00:02.85]            at Microsoft.EntityFrameworkCore.Query.QueryableMethodTranslatingExpressionVisitor.Translate(Expression expression)
[xUnit.net 00:00:02.85]            at Microsoft.EntityFrameworkCore.Query.RelationalQueryableMethodTranslatingExpressionVisitor.Translate(Expression expression)
[xUnit.net 00:00:02.85]            at Microsoft.EntityFrameworkCore.Query.QueryCompilationContext.CreateQueryExecutor[TResult](Expression query)
[xUnit.net 00:00:02.85]            at Microsoft.EntityFrameworkCore.Storage.Database.CompileQuery[TResult](Expression query, Boolean async)
[xUnit.net 00:00:02.85]            at Microsoft.EntityFrameworkCore.Query.Internal.QueryCompiler.CompileQueryCore[TResult](IDatabase database, Expression query, IModel model, Boolean async)
[xUnit.net 00:00:02.85]            at Microsoft.EntityFrameworkCore.Query.Internal.QueryCompiler.<>c__DisplayClass12_0`1.<ExecuteAsync>b__0()
[xUnit.net 00:00:02.85]            at Microsoft.EntityFrameworkCore.Query.Internal.CompiledQueryCache.GetOrAddQuery[TResult](Object cacheKey, Func`1 compiler)
[xUnit.net 00:00:02.85]            at Microsoft.EntityFrameworkCore.Query.Internal.QueryCompiler.ExecuteAsync[TResult](Expression query, CancellationToken cancellationToken)
[xUnit.net 00:00:02.85]            at Microsoft.EntityFrameworkCore.Query.Internal.EntityQueryProvider.ExecuteAsync[TResult](Expression expression, CancellationToken cancellationToken)
[xUnit.net 00:00:02.85]            at Microsoft.EntityFrameworkCore.EntityFrameworkQueryableExtensions.ExecuteAsync[TSource,TResult](MethodInfo operatorMethodInfo, IQueryable`1 source, Expression expression, CancellationToken cancellationToken)
[xUnit.net 00:00:02.85]            at Microsoft.EntityFrameworkCore.EntityFrameworkQueryableExtensions.ExecuteAsync[TSource,TResult](MethodInfo operatorMethodInfo, IQueryable`1 source, LambdaExpression expression, CancellationToken cancellationToken)
[xUnit.net 00:00:02.85]            at Microsoft.EntityFrameworkCore.EntityFrameworkQueryableExtensions.SumAsync[TSource](IQueryable`1 source, Expression`1 selector, CancellationToken cancellationToken)
[xUnit.net 00:00:02.85]         C:\Portif├│lio\ida\backend\Controllers\DashboardController.cs(185,0): at backend.Controllers.DashboardController.GetVarejoStats(Nullable`1 idCliente, Nullable`1 idArea, Nullable`1 startDate, Nullable`1 endDate)
[xUnit.net 00:00:02.85]         C:\Portif├│lio\ida\backend.Tests\DashboardControllerTests.cs(144,0): at backend.Tests.DashboardControllerTests.GetVarejoStats_NonAdmin_EnforcesOwnClientId()
[xUnit.net 00:00:02.85]         --- End of stack trace from previous location ---
[xUnit.net 
00:00:02.96]     backen
d.Tests.DashboardContro
llerTests.GetVarejoStat
s_RemovesDirtyRecords_S
uccessfully [FAIL]
[xUnit.net 00:00:02.96]       System.NotSupportedException : SQLite cannot apply aggregate operator 'Sum' on expressions of type 'decimal'. Convert the values to a supported type, or use LINQ to Objects to aggregate the results on the client side.
[xUnit.net 00:00:02.96]       Stack Trace:
[xUnit.net 00:00:02.96]            at Microsoft.EntityFrameworkCore.Sqlite.Query.Internal.SqliteQueryableAggregateMethodTranslator.Translate(MethodInfo method, EnumerableExpression source, IReadOnlyList`1 arguments, IDiagnosticsLogger`1 logger)
[xUnit.net 00:00:02.96]            at Microsoft.EntityFrameworkCore.Query.RelationalAggregateMethodCallTranslatorProvider.<>c__DisplayClass6_0.<Translate>b__0(IAggregateMethodCallTranslator t)
[xUnit.net 00:00:02.96]            at System.Linq.Enumerable.SelectEnumerableIterator`2.MoveNext()
[xUnit.net 00:00:02.96]            at System.Linq.Enumerable.TryGetFirst[TSource](IEnumerable`1 source, Func`2 predicate, Boolean& found)
[xUnit.net 00:00:02.96]            at System.Linq.Enumerable.FirstOrDefault[TSource](IEnumerable`1 source, Func`2 predicate)
[xUnit.net 00:00:02.96]            at Microsoft.EntityFrameworkCore.Query.RelationalAggregateMethodCallTranslatorProvider.Translate(IModel model, MethodInfo method, EnumerableExpression source, IReadOnlyList`1 arguments, IDiagnosticsLogger`1 logger)
[xUnit.net 00:00:02.96]            at Microsoft.EntityFrameworkCore.Query.RelationalSqlTranslatingExpressionVisitor.TranslateAggregateMethod(EnumerableExpression enumerableExpression, MethodInfo method, List`1 scalarArguments)
[xUnit.net 00:00:02.96]            at Microsoft.EntityFrameworkCore.Query.RelationalSqlTranslatingExpressionVisitor.TryTranslateAggregateMethodCall(MethodCallExpression methodCallExpression, SqlExpression& translation)
[xUnit.net 00:00:02.96]            at Microsoft.EntityFrameworkCore.Query.RelationalSqlTranslatingExpressionVisitor.VisitMethodCall(MethodCallExpression methodCallExpression)
[xUnit.net 00:00:02.96]            at Microsoft.EntityFrameworkCore.Sqlite.Query.Internal.SqliteSqlTranslatingExpressionVisitor.VisitMethodCall(MethodCallExpression methodCallExpression)
[xUnit.net 00:00:02.96]            at Microsoft.EntityFrameworkCore.Query.RelationalSqlTranslatingExpressionVisitor.TranslateInternal(Expression expression, Boolean applyDefaultTypeMapping)
[xUnit.net 00:00:02.96]            at Microsoft.EntityFrameworkCore.Query.RelationalSqlTranslatingExpressionVisitor.Translate(Expression expression, Boolean applyDefaultTypeMapping)
[xUnit.net 00:00:02.96]            at Microsoft.EntityFrameworkCore.Query.RelationalQueryableMethodTranslatingExpressionVisitor.TranslateAggregateWithSelector(ShapedQueryExpression source, LambdaExpression selectorLambda, Func`2 methodGenerator, Boolean throwWhenEmpty, Type resultType)
[xUnit.net 00:00:02.96]            at Microsoft.EntityFrameworkCore.Query.RelationalQueryableMethodTranslatingExpressionVisitor.TranslateSum(ShapedQueryExpression source, LambdaExpression selector, Type resultType)
[xUnit.net 00:00:02.96]            at Microsoft.EntityFrameworkCore.Query.QueryableMethodTranslatingExpressionVisitor.VisitMethodCall(MethodCallExpression methodCallExpression)
[xUnit.net 00:00:02.96]            at Microsoft.EntityFrameworkCore.Query.RelationalQueryableMethodTranslatingExpressionVisitor.VisitMethodCall(MethodCallExpression methodCallExpression)
[xUnit.net 00:00:02.96]            at Microsoft.EntityFrameworkCore.Query.QueryableMethodTranslatingExpressionVisitor.Translate(Expression expression)
[xUnit.net 00:00:02.96]            at Microsoft.EntityFrameworkCore.Query.RelationalQueryableMethodTranslatingExpressionVisitor.Translate(Expression expression)
[xUnit.net 00:00:02.96]            at Microsoft.EntityFrameworkCore.Query.QueryCompilationContext.CreateQueryExecutor[TResult](Expression query)
[xUnit.net 00:00:02.96]            at Microsoft.EntityFrameworkCore.Storage.Database.CompileQuery[TResult](Expression query, Boolean async)
[xUnit.net 00:00:02.96]            at Microsoft.EntityFrameworkCore.Query.Internal.QueryCompiler.CompileQueryCore[TResult](IDatabase database, Expression query, IModel model, Boolean async)
[xUnit.net 00:00:02.96]            at Microsoft.EntityFrameworkCore.Query.Internal.QueryCompiler.<>c__DisplayClass12_0`1.<ExecuteAsync>b__0()
[xUnit.net 00:00:02.96]            at Microsoft.EntityFrameworkCore.Query.Internal.CompiledQueryCache.GetOrAddQuery[TResult](Object cacheKey, Func`1 compiler)
[xUnit.net 00:00:02.96]            at Microsoft.EntityFrameworkCore.Query.Internal.QueryCompiler.ExecuteAsync[TResult](Expression query, CancellationToken cancellationToken)
[xUnit.net 00:00:02.96]            at Microsoft.EntityFrameworkCore.Query.Internal.EntityQueryProvider.ExecuteAsync[TResult](Expression expression, CancellationToken cancellationToken)
[xUnit.net 00:00:02.96]            at Microsoft.EntityFrameworkCore.EntityFrameworkQueryableExtensions.ExecuteAsync[TSource,TResult](MethodInfo operatorMethodInfo, IQueryable`1 source, Expression expression, CancellationToken cancellationToken)
[xUnit.net 00:00:02.96]            at Microsoft.EntityFrameworkCore.EntityFrameworkQueryableExtensions.ExecuteAsync[TSource,TResult](MethodInfo operatorMethodInfo, IQueryable`1 source, LambdaExpression expression, CancellationToken cancellationToken)
[xUnit.net 00:00:02.96]            at Microsoft.EntityFrameworkCore.EntityFrameworkQueryableExtensions.SumAsync[TSource](IQueryable`1 source, Expression`1 selector, CancellationToken cancellationToken)
[xUnit.net 00:00:02.96]         C:\Portif├│lio\ida\backend\Controllers\DashboardController.cs(185,0): at backend.Controllers.DashboardController.GetVarejoStats(Nullable`1 idCliente, Nullable`1 idArea, Nullable`1 startDate, Nullable`1 endDate)
[xUnit.net 00:00:02.96]         C:\Portif├│lio\ida\backend.Tests\DashboardControllerTests.cs(252,0): at backend.Tests.DashboardControllerTests.GetVarejoStats_RemovesDirtyRecords_Successfully()
[xUnit.net 00:00:02.96]         --- End of stack trace from previous location ---
  Com falha backend.Tests.AuditServiceTests.LogAction_Create_CreatesNotificationForAdminAndOwner [1 ms]
  Mensagem de erro:
   Microsoft.EntityFrameworkCore.DbUpdateException : An error occurred while saving the entity changes. See the inner exception for details.
---- Microsoft.Data.Sqlite.SqliteException : SQLite Error 19: 'UNIQUE constraint failed: pessoa.Id'.
  Rastreamento de pilha:
     at Microsoft.EntityFrameworkCore.Update.ReaderModificationCommandBatch.Execute(IRelationalConnection connection)
   at Microsoft.EntityFrameworkCore.Update.Internal.BatchExecutor.Execute(IEnumerable`1 commandBatches, IRelationalConnection connection)
   at Microsoft.EntityFrameworkCore.Storage.RelationalDatabase.SaveChanges(IList`1 entries)
   at Microsoft.EntityFrameworkCore.ChangeTracking.Internal.StateManager.SaveChanges(IList`1 entriesToSave)
   at Microsoft.EntityFrameworkCore.ChangeTracking.Internal.StateManager.SaveChanges(StateManager stateManager, Boolean acceptAllChangesOnSuccess)
   at Microsoft.EntityFrameworkCore.ChangeTracking.Internal.StateManager.<>c.<SaveChanges>b__112_0(DbContext _, ValueTuple`2 t)
   at Microsoft.EntityFrameworkCore.Storage.NonRetryingExecutionStrategy.Execute[TState,TResult](TState state, Func`3 operation, Func`3 verifySucceeded)
   at Microsoft.EntityFrameworkCore.ChangeTracking.Internal.StateManager.SaveChanges(Boolean acceptAllChangesOnSuccess)
   at Microsoft.EntityFrameworkCore.DbContext.SaveChanges(Boolean acceptAllChangesOnSuccess)
   at Microsoft.EntityFrameworkCore.DbContext.SaveChanges()
   at backend.Tests.AuditServiceTests.SeedData() in C:\Portif├│lio\ida\backend.Tests\AuditServiceTests.cs:line 64
   at backend.Tests.AuditServiceTests..ctor() in C:\Portif├│lio\ida\backend.Tests\AuditServiceTests.cs:line 32
   at System.RuntimeType.CreateInstanceDefaultCtor(Boolean publicOnly, Boolean wrapExceptions)
----- Inner Stack Trace -----
   at Microsoft.Data.Sqlite.SqliteException.ThrowExceptionForRC(Int32 rc, sqlite3 db)
   at Microsoft.Data.Sqlite.SqliteDataReader.NextResult()
   at Microsoft.Data.Sqlite.SqliteCommand.ExecuteReader(CommandBehavior behavior)
   at Microsoft.Data.Sqlite.SqliteCommand.ExecuteDbDataReader(CommandBehavior behavior)
   at Microsoft.EntityFrameworkCore.Storage.RelationalCommand.ExecuteReader(RelationalCommandParameterObject parameterObject)
   at Microsoft.EntityFrameworkCore.Update.ReaderModificationCommandBatch.Execute(IRelationalConnection connection)
  Com falha backend.Tests.AuditServiceTests.LogAction_Login_DoesNotCreateNotification [1 ms]
  Mensagem de erro:
   Microsoft.EntityFrameworkCore.DbUpdateException : An error occurred while saving the entity changes. See the inner exception for details.
---- Microsoft.Data.Sqlite.SqliteException : SQLite Error 19: 'UNIQUE constraint failed: pessoa.Id'.
  Rastreamento de pilha:
     at Microsoft.EntityFrameworkCore.Update.ReaderModificationCommandBatch.Execute(IRelationalConnection connection)
   at Microsoft.EntityFrameworkCore.Update.Internal.BatchExecutor.Execute(IEnumerable`1 commandBatches, IRelationalConnection connection)
   at Microsoft.EntityFrameworkCore.Storage.RelationalDatabase.SaveChanges(IList`1 entries)
   at Microsoft.EntityFrameworkCore.ChangeTracking.Internal.StateManager.SaveChanges(IList`1 entriesToSave)
   at Microsoft.EntityFrameworkCore.ChangeTracking.Internal.StateManager.SaveChanges(StateManager stateManager, Boolean acceptAllChangesOnSuccess)
   at Microsoft.EntityFrameworkCore.ChangeTracking.Internal.StateManager.<>c.<SaveChanges>b__112_0(DbContext _, ValueTuple`2 t)
   at Microsoft.EntityFrameworkCore.Storage.NonRetryingExecutionStrategy.Execute[TState,TResult](TState state, Func`3 operation, Func`3 verifySucceeded)
   at Microsoft.EntityFrameworkCore.ChangeTracking.Internal.StateManager.SaveChanges(Boolean acceptAllChangesOnSuccess)
   at Microsoft.EntityFrameworkCore.DbContext.SaveChanges(Boolean acceptAllChangesOnSuccess)
   at Microsoft.EntityFrameworkCore.DbContext.SaveChanges()
   at backend.Tests.AuditServiceTests.SeedData() in C:\Portif├│lio\ida\backend.Tests\AuditServiceTests.cs:line 64
   at backend.Tests.AuditServiceTests..ctor() in C:\Portif├│lio\ida\backend.Tests\AuditServiceTests.cs:line 32
   at System.RuntimeType.CreateInstanceDefaultCtor(Boolean publicOnly, Boolean wrapExceptions)
----- Inner Stack Trace -----
   at Microsoft.Data.Sqlite.SqliteException.ThrowExceptionForRC(Int32 rc, sqlite3 db)
   at Microsoft.Data.Sqlite.SqliteDataReader.NextResult()
   at Microsoft.Data.Sqlite.SqliteCommand.ExecuteReader(CommandBehavior behavior)
   at Microsoft.Data.Sqlite.SqliteCommand.ExecuteDbDataReader(CommandBehavior behavior)
   at Microsoft.EntityFrameworkCore.Storage.RelationalCommand.ExecuteReader(RelationalCommandParameterObject parameterObject)
   at Microsoft.EntityFrameworkCore.Update.ReaderModificationCommandBatch.Execute(IRelationalConnection connection)
  Aprovado backend.Tests.DashboardControllerTests.GetAccessibleModels_Owner_ReturnsOnlyAuthorizedModels [2 s]
  Aprovado backend.Tests.ReportControllerTests.GetUserProductivity_ReturnsOk_WithData [2 s]
  Aprovado backend.Tests.ReportControllerTests.GetLaunchDistribution_ReturnsOk_WithData [218 ms]
  Com falha backend.Tests.DashboardControllerTests.GetVarejoStats_SellerBreakdown_IncludesAreaName [333 ms]
  Mensagem de erro:
   System.NotSupportedException : SQLite cannot apply aggregate operator 'Sum' on expressions of type 'decimal'. Convert the values to a supported type, or use LINQ to Objects to aggregate the results on the client side.
  Rastreamento de pilha:
     at Microsoft.EntityFrameworkCore.Sqlite.Query.Internal.SqliteQueryableAggregateMethodTranslator.Translate(MethodInfo method, EnumerableExpression source, IReadOnlyList`1 arguments, IDiagnosticsLogger`1 logger)
   at Microsoft.EntityFrameworkCore.Query.RelationalAggregateMethodCallTranslatorProvider.<>c__DisplayClass6_0.<Translate>b__0(IAggregateMethodCallTranslator t)
   at System.Linq.Enumerable.SelectEnumerableIterator`2.MoveNext()
   at System.Linq.Enumerable.TryGetFirst[TSource](IEnumerable`1 source, Func`2 predicate, Boolean& found)
   at System.Linq.Enumerable.FirstOrDefault[TSource](IEnumerable`1 source, Func`2 predicate)
   at Microsoft.EntityFrameworkCore.Query.RelationalAggregateMethodCallTranslatorProvider.Translate(IModel model, MethodInfo method, EnumerableExpression source, IReadOnlyList`1 arguments, IDiagnosticsLogger`1 logger)
   at Microsoft.EntityFrameworkCore.Query.RelationalSqlTranslatingExpressionVisitor.TranslateAggregateMethod(EnumerableExpression enumerableExpression, MethodInfo method, List`1 scalarArguments)
   at Microsoft.EntityFrameworkCore.Query.RelationalSqlTranslatingExpressionVisitor.TryTranslateAggregateMethodCall(MethodCallExpression methodCallExpression, SqlExpression& translation)
   at Microsoft.EntityFrameworkCore.Query.RelationalSqlTranslatingExpressionVisitor.VisitMethodCall(MethodCallExpression methodCallExpression)
   at Microsoft.EntityFrameworkCore.Sqlite.Query.Internal.SqliteSqlTranslatingExpressionVisitor.VisitMethodCall(MethodCallExpression methodCallExpression)
   at Microsoft.EntityFrameworkCore.Query.RelationalSqlTranslatingExpressionVisitor.TranslateInternal(Expression expression, Boolean applyDefaultTypeMapping)
   at Microsoft.EntityFrameworkCore.Query.RelationalSqlTranslatingExpressionVisitor.Translate(Expression expression, Boolean applyDefaultTypeMapping)
   at Microsoft.EntityFrameworkCore.Query.RelationalQueryableMethodTranslatingExpressionVisitor.TranslateAggregateWithSelector(ShapedQueryExpression source, LambdaExpression selectorLambda, Func`2 methodGenerator, Boolean throwWhenEmpty, Type resultType)
   at Microsoft.EntityFrameworkCore.Query.RelationalQueryableMethodTranslatingExpressionVisitor.TranslateSum(ShapedQueryExpression source, LambdaExpression selector, Type resultType)
   at Microsoft.EntityFrameworkCore.Query.QueryableMethodTranslatingExpressionVisitor.VisitMethodCall(MethodCallExpression methodCallExpression)
   at Microsoft.EntityFrameworkCore.Query.RelationalQueryableMethodTranslatingExpressionVisitor.VisitMethodCall(MethodCallExpression methodCallExpression)
   at Microsoft.EntityFrameworkCore.Query.QueryableMethodTranslatingExpressionVisitor.Translate(Expression expression)
   at Microsoft.EntityFrameworkCore.Query.RelationalQueryableMethodTranslatingExpressionVisitor.Translate(Expression expression)
   at Microsoft.EntityFrameworkCore.Query.QueryCompilationContext.CreateQueryExecutor[TResult](Expression query)
   at Microsoft.EntityFrameworkCore.Storage.Database.CompileQuery[TResult](Expression query, Boolean async)
   at Microsoft.EntityFrameworkCore.Query.Internal.QueryCompiler.CompileQueryCore[TResult](IDatabase database, Expression query, IModel model, Boolean async)
   at Microsoft.EntityFrameworkCore.Query.Internal.QueryCompiler.<>c__DisplayClass12_0`1.<ExecuteAsync>b__0()
   at Microsoft.EntityFrameworkCore.Query.Internal.CompiledQueryCache.GetOrAddQuery[TResult](Object cacheKey, Func`1 compiler)
   at Microsoft.EntityFrameworkCore.Query.Internal.QueryCompiler.ExecuteAsync[TResult](Expression query, CancellationToken cancellationToken)
   at Microsoft.EntityFrameworkCore.Query.Internal.EntityQueryProvider.ExecuteAsync[TResult](Expression expression, CancellationToken cancellationToken)
   at Microsoft.EntityFrameworkCore.EntityFrameworkQueryableExtensions.ExecuteAsync[TSource,TResult](MethodInfo operatorMethodInfo, IQueryable`1 source, Expression expression, CancellationToken cancellationToken)
   at Microsoft.EntityFrameworkCore.EntityFrameworkQueryableExtensions.ExecuteAsync[TSource,TResult](MethodInfo operatorMethodInfo, IQueryable`1 source, LambdaExpression expression, CancellationToken cancellationToken)
   at Microsoft.EntityFrameworkCore.EntityFrameworkQueryableExtensions.SumAsync[TSource](IQueryable`1 source, Expression`1 selector, CancellationToken cancellationToken)
   at backend.Controllers.DashboardController.GetVarejoStats(Nullable`1 idCliente, Nullable`1 idArea, Nullable`1 startDate, Nullable`1 endDate) in C:\Portif├│lio\ida\backend\Controllers\DashboardController.cs:line 185
   at backend.Tests.DashboardControllerTests.GetVarejoStats_SellerBreakdown_IncludesAreaName() in C:\Portif├│lio\ida\backend.Tests\DashboardControllerTests.cs:line 310
--- End of stack trace from previous location ---
  Aprovado backend.Tests.DashboardControllerTests.GetAccessibleModels_Admin_ReturnsAllModels [41 ms]
  Com falha backend.Tests.DashboardControllerTests.GetVarejoStats_NonAdmin_EnforcesOwnClientId [50 ms]
  Mensagem de erro:
   System.NotSupportedException : SQLite cannot apply aggregate operator 'Sum' on expressions of type 'decimal'. Convert the values to a supported type, or use LINQ to Objects to aggregate the results on the client side.
  Rastreamento de pilha:
     at Microsoft.EntityFrameworkCore.Sqlite.Query.Internal.SqliteQueryableAggregateMethodTranslator.Translate(MethodInfo method, EnumerableExpression source, IReadOnlyList`1 arguments, IDiagnosticsLogger`1 logger)
   at Microsoft.EntityFrameworkCore.Query.RelationalAggregateMethodCallTranslatorProvider.<>c__DisplayClass6_0.<Translate>b__0(IAggregateMethodCallTranslator t)
   at System.Linq.Enumerable.SelectEnumerableIterator`2.MoveNext()
   at System.Linq.Enumerable.TryGetFirst[TSource](IEnumerable`1 source, Func`2 predicate, Boolean& found)
   at System.Linq.Enumerable.FirstOrDefault[TSource](IEnumerable`1 source, Func`2 predicate)
   at Microsoft.EntityFrameworkCore.Query.RelationalAggregateMethodCallTranslatorProvider.Translate(IModel model, MethodInfo method, EnumerableExpression source, IReadOnlyList`1 arguments, IDiagnosticsLogger`1 logger)
   at Microsoft.EntityFrameworkCore.Query.RelationalSqlTranslatingExpressionVisitor.TranslateAggregateMethod(EnumerableExpression enumerableExpression, MethodInfo method, List`1 scalarArguments)
   at Microsoft.EntityFrameworkCore.Query.RelationalSqlTranslatingExpressionVisitor.TryTranslateAggregateMethodCall(MethodCallExpression methodCallExpression, SqlExpression& translation)
   at Microsoft.EntityFrameworkCore.Query.RelationalSqlTranslatingExpressionVisitor.VisitMethodCall(MethodCallExpression methodCallExpression)
   at Microsoft.EntityFrameworkCore.Sqlite.Query.Internal.SqliteSqlTranslatingExpressionVisitor.VisitMethodCall(MethodCallExpression methodCallExpression)
   at Microsoft.EntityFrameworkCore.Query.RelationalSqlTranslatingExpressionVisitor.TranslateInternal(Expression expression, Boolean applyDefaultTypeMapping)
   at Microsoft.EntityFrameworkCore.Query.RelationalSqlTranslatingExpressionVisitor.Translate(Expression expression, Boolean applyDefaultTypeMapping)
   at Microsoft.EntityFrameworkCore.Query.RelationalQueryableMethodTranslatingExpressionVisitor.TranslateAggregateWithSelector(ShapedQueryExpression source, LambdaExpression selectorLambda, Func`2 methodGenerator, Boolean throwWhenEmpty, Type resultType)
   at Microsoft.EntityFrameworkCore.Query.RelationalQueryableMethodTranslatingExpressionVisitor.TranslateSum(ShapedQueryExpression source, LambdaExpression selector, Type resultType)
   at Microsoft.EntityFrameworkCore.Query.QueryableMethodTranslatingExpressionVisitor.VisitMethodCall(MethodCallExpression methodCallExpression)
   at Microsoft.EntityFrameworkCore.Query.RelationalQueryableMethodTranslatingExpressionVisitor.VisitMethodCall(MethodCallExpression methodCallExpression)
   at Microsoft.EntityFrameworkCore.Query.QueryableMethodTranslatingExpressionVisitor.Translate(Expression expression)
   at Microsoft.EntityFrameworkCore.Query.RelationalQueryableMethodTranslatingExpressionVisitor.Translate(Expression expression)
   at Microsoft.EntityFrameworkCore.Query.QueryCompilationContext.CreateQueryExecutor[TResult](Expression query)
   at Microsoft.EntityFrameworkCore.Storage.Database.CompileQuery[TResult](Expression query, Boolean async)
   at Microsoft.EntityFrameworkCore.Query.Internal.QueryCompiler.CompileQueryCore[TResult](IDatabase database, Expression query, IModel model, Boolean async)
   at Microsoft.EntityFrameworkCore.Query.Internal.QueryCompiler.<>c__DisplayClass12_0`1.<ExecuteAsync>b__0()
   at Microsoft.EntityFrameworkCore.Query.Internal.CompiledQueryCache.GetOrAddQuery[TResult](Object cacheKey, Func`1 compiler)
   at Microsoft.EntityFrameworkCore.Query.Internal.QueryCompiler.ExecuteAsync[TResult](Expression query, CancellationToken cancellationToken)
   at Microsoft.EntityFrameworkCore.Query.Internal.EntityQueryProvider.ExecuteAsync[TResult](Expression expression, CancellationToken cancellationToken)
   at Microsoft.EntityFrameworkCore.EntityFrameworkQueryableExtensions.ExecuteAsync[TSource,TResult](MethodInfo operatorMethodInfo, IQueryable`1 source, Expression expression, CancellationToken cancellationToken)
   at Microsoft.EntityFrameworkCore.EntityFrameworkQueryableExtensions.ExecuteAsync[TSource,TResult](MethodInfo operatorMethodInfo, IQueryable`1 source, LambdaExpression expression, CancellationToken cancellationToken)
   at Microsoft.EntityFrameworkCore.EntityFrameworkQueryableExtensions.SumAsync[TSource](IQueryable`1 source, Expression`1 selector, CancellationToken cancellationToken)
   at backend.Controllers.DashboardController.GetVarejoStats(Nullable`1 idCliente, Nullable`1 idArea, Nullable`1 startDate, Nullable`1 endDate) in C:\Portif├│lio\ida\backend\Controllers\DashboardController.cs:line 185
   at backend.Tests.DashboardControllerTests.GetVarejoStats_NonAdmin_EnforcesOwnClientId() in C:\Portif├│lio\ida\backend.Tests\DashboardControllerTests.cs:line 144
--- End of stack trace from previous location ---
  Com falha backend.Tests.DashboardControllerTests.GetVarejoStats_RemovesDirtyRecords_Successfully [105 ms]
  Mensagem de erro:
   System.NotSupportedException : SQLite cannot apply aggregate operator 'Sum' on expressions of type 'decimal'. Convert the values to a supported type, or use LINQ to Objects to aggregate the results on the client side.
  Rastreamento de pilha:
     at Microsoft.EntityFrameworkCore.Sqlite.Query.Internal.SqliteQueryableAggregateMethodTranslator.Translate(MethodInfo method, EnumerableExpression source, IReadOnlyList`1 arguments, IDiagnosticsLogger`1 logger)
   at Microsoft.EntityFrameworkCore.Query.RelationalAggregateMethodCallTranslatorProvider.<>c__DisplayClass6_0.<Translate>b__0(IAggregateMethodCallTranslator t)
   at System.Linq.Enumerable.SelectEnumerableIterator`2.MoveNext()
   at System.Linq.Enumerable.TryGetFirst[TSource](IEnumerable`1 source, Func`2 predicate, Boolean& found)
   at System.Linq.Enumerable.FirstOrDefault[TSource](IEnumerable`1 source, Func`2 predicate)
   at Microsoft.EntityFrameworkCore.Query.RelationalAggregateMethodCallTranslatorProvider.Translate(IModel model, MethodInfo method, EnumerableExpression source, IReadOnlyList`1 arguments, IDiagnosticsLogger`1 logger)
   at Microsoft.EntityFrameworkCore.Query.RelationalSqlTranslatingExpressionVisitor.TranslateAggregateMethod(EnumerableExpression enumerableExpression, MethodInfo method, List`1 scalarArguments)
   at Microsoft.EntityFrameworkCore.Query.RelationalSqlTranslatingExpressionVisitor.TryTranslateAggregateMethodCall(MethodCallExpression methodCallExpression, SqlExpression& translation)
   at Microsoft.EntityFrameworkCore.Query.RelationalSqlTranslatingExpressionVisitor.VisitMethodCall(MethodCallExpression methodCallExpression)
   at Microsoft.EntityFrameworkCore.Sqlite.Query.Internal.SqliteSqlTranslatingExpressionVisitor.VisitMethodCall(MethodCallExpression methodCallExpression)
   at Microsoft.EntityFrameworkCore.Query.RelationalSqlTranslatingExpressionVisitor.TranslateInternal(Expression expression, Boolean applyDefaultTypeMapping)
   at Microsoft.EntityFrameworkCore.Query.RelationalSqlTranslatingExpressionVisitor.Translate(Expression expression, Boolean applyDefaultTypeMapping)
   at Microsoft.EntityFrameworkCore.Query.RelationalQueryableMethodTranslatingExpressionVisitor.TranslateAggregateWithSelector(ShapedQueryExpression source, LambdaExpression selectorLambda, Func`2 methodGenerator, Boolean throwWhenEmpty, Type resultType)
   at Microsoft.EntityFrameworkCore.Query.RelationalQueryableMethodTranslatingExpressionVisitor.TranslateSum(ShapedQueryExpression source, LambdaExpression selector, Type resultType)
   at Microsoft.EntityFrameworkCore.Query.QueryableMethodTranslatingExpressionVisitor.VisitMethodCall(MethodCallExpression methodCallExpression)
   at Microsoft.EntityFrameworkCore.Query.RelationalQueryableMethodTranslatingExpressionVisitor.VisitMethodCall(MethodCallExpression methodCallExpression)
   at Microsoft.EntityFrameworkCore.Query.QueryableMethodTranslatingExpressionVisitor.Translate(Expression expression)
   at Microsoft.EntityFrameworkCore.Query.RelationalQueryableMethodTranslatingExpressionVisitor.Translate(Expression expression)
   at Microsoft.EntityFrameworkCore.Query.QueryCompilationContext.CreateQueryExecutor[TResult](Expression query)
   at Microsoft.EntityFrameworkCore.Storage.Database.CompileQuery[TResult](Expression query, Boolean async)
   at Microsoft.EntityFrameworkCore.Query.Internal.QueryCompiler.CompileQueryCore[TResult](IDatabase database, Expression query, IModel model, Boolean async)
   at Microsoft.EntityFrameworkCore.Query.Internal.QueryCompiler.<>c__DisplayClass12_0`1.<ExecuteAsync>b__0()
   at Microsoft.EntityFrameworkCore.Query.Internal.CompiledQueryCache.GetOrAddQuery[TResult](Object cacheKey, Func`1 compiler)
   at Microsoft.EntityFrameworkCore.Query.Internal.QueryCompiler.ExecuteAsync[TResult](Expression query, CancellationToken cancellationToken)
   at Microsoft.EntityFrameworkCore.Query.Internal.EntityQueryProvider.ExecuteAsync[TResult](Expression expression, CancellationToken cancellationToken)
   at Microsoft.EntityFrameworkCore.EntityFrameworkQueryableExtensions.ExecuteAsync[TSource,TResult](MethodInfo operatorMethodInfo, IQueryable`1 source, Expression expression, CancellationToken cancellationToken)
   at Microsoft.EntityFrameworkCore.EntityFrameworkQueryableExtensions.ExecuteAsync[TSource,TResult](MethodInfo operatorMethodInfo, IQueryable`1 source, LambdaExpression expression, CancellationToken cancellationToken)
   at Microsoft.EntityFrameworkCore.EntityFrameworkQueryableExtensions.SumAsync[TSource](IQueryable`1 source, Expression`1 selector, CancellationToken cancellationToken)
   at backend.Controllers.DashboardController.GetVarejoStats(Nullable`1 idCliente, Nullable`1 idArea, Nullable`1 startDate, Nullable`1 endDate) in C:\Portif├│lio\ida\backend\Controllers\DashboardController.cs:line 185
   at backend.Tests.DashboardControllerTests.GetVarejoStats_RemovesDirtyRecords_Successfully() in C:\Portif├│lio\ida\backend.Tests\DashboardControllerTests.cs:line 252
--- End of stack trace from previous location ---
[xUnit.net 
00:00:03.03]     backen
d.Tests.DashboardContro
llerTests.GetVarejoStat
s_WithAreaId_FiltersCor
rectUsers [FAIL]
[xUnit.net 00:00:03.03]       System.NotSupportedException : SQLite cannot apply aggregate operator 'Sum' on expressions of type 'decimal'. Convert the values to a supported type, or use LINQ to Objects to aggregate the results on the client side.
[xUnit.net 00:00:03.03]       Stack Trace:
[xUnit.net 00:00:03.03]            at Microsoft.EntityFrameworkCore.Sqlite.Query.Internal.SqliteQueryableAggregateMethodTranslator.Translate(MethodInfo method, EnumerableExpression source, IReadOnlyList`1 arguments, IDiagnosticsLogger`1 logger)
[xUnit.net 00:00:03.03]            at Microsoft.EntityFrameworkCore.Query.RelationalAggregateMethodCallTranslatorProvider.<>c__DisplayClass6_0.<Translate>b__0(IAggregateMethodCallTranslator t)
[xUnit.net 00:00:03.03]            at System.Linq.Enumerable.SelectEnumerableIterator`2.MoveNext()
[xUnit.net 00:00:03.03]            at System.Linq.Enumerable.TryGetFirst[TSource](IEnumerable`1 source, Func`2 predicate, Boolean& found)
[xUnit.net 00:00:03.03]            at System.Linq.Enumerable.FirstOrDefault[TSource](IEnumerable`1 source, Func`2 predicate)
[xUnit.net 00:00:03.03]            at Microsoft.EntityFrameworkCore.Query.RelationalAggregateMethodCallTranslatorProvider.Translate(IModel model, MethodInfo method, EnumerableExpression source, IReadOnlyList`1 arguments, IDiagnosticsLogger`1 logger)
[xUnit.net 00:00:03.03]            at Microsoft.EntityFrameworkCore.Query.RelationalSqlTranslatingExpressionVisitor.TranslateAggregateMethod(EnumerableExpression enumerableExpression, MethodInfo method, List`1 scalarArguments)
[xUnit.net 00:00:03.03]            at Microsoft.EntityFrameworkCore.Query.RelationalSqlTranslatingExpressionVisitor.TryTranslateAggregateMethodCall(MethodCallExpression methodCallExpression, SqlExpression& translation)
[xUnit.net 00:00:03.03]            at Microsoft.EntityFrameworkCore.Query.RelationalSqlTranslatingExpressionVisitor.VisitMethodCall(MethodCallExpression methodCallExpression)
[xUnit.net 00:00:03.03]            at Microsoft.EntityFrameworkCore.Sqlite.Query.Internal.SqliteSqlTranslatingExpressionVisitor.VisitMethodCall(MethodCallExpression methodCallExpression)
[xUnit.net 00:00:03.03]            at Microsoft.EntityFrameworkCore.Query.RelationalSqlTranslatingExpressionVisitor.TranslateInternal(Expression expression, Boolean applyDefaultTypeMapping)
[xUnit.net 00:00:03.03]            at Microsoft.EntityFrameworkCore.Query.RelationalSqlTranslatingExpressionVisitor.Translate(Expression expression, Boolean applyDefaultTypeMapping)
[xUnit.net 00:00:03.03]            at Microsoft.EntityFrameworkCore.Query.RelationalQueryableMethodTranslatingExpressionVisitor.TranslateAggregateWithSelector(ShapedQueryExpression source, LambdaExpression selectorLambda, Func`2 methodGenerator, Boolean throwWhenEmpty, Type resultType)
[xUnit.net 00:00:03.03]            at Microsoft.EntityFrameworkCore.Query.RelationalQueryableMethodTranslatingExpressionVisitor.TranslateSum(ShapedQueryExpression source, LambdaExpression selector, Type resultType)
[xUnit.net 00:00:03.03]            at Microsoft.EntityFrameworkCore.Query.QueryableMethodTranslatingExpressionVisitor.VisitMethodCall(MethodCallExpression methodCallExpression)
[xUnit.net 00:00:03.03]            at Microsoft.EntityFrameworkCore.Query.RelationalQueryableMethodTranslatingExpressionVisitor.VisitMethodCall(MethodCallExpression methodCallExpression)
[xUnit.net 00:00:03.03]            at Microsoft.EntityFrameworkCore.Query.QueryableMethodTranslatingExpressionVisitor.Translate(Expression expression)
[xUnit.net 00:00:03.03]            at Microsoft.EntityFrameworkCore.Query.RelationalQueryableMethodTranslatingExpressionVisitor.Translate(Expression expression)
[xUnit.net 00:00:03.03]            at Microsoft.EntityFrameworkCore.Query.QueryCompilationContext.CreateQueryExecutor[TResult](Expression query)
[xUnit.net 00:00:03.03]            at Microsoft.EntityFrameworkCore.Storage.Database.CompileQuery[TResult](Expression query, Boolean async)
[xUnit.net 00:00:03.03]            at Microsoft.EntityFrameworkCore.Query.Internal.QueryCompiler.CompileQueryCore[TResult](IDatabase database, Expression query, IModel model, Boolean async)
[xUnit.net 00:00:03.03]            at Microsoft.EntityFrameworkCore.Query.Internal.QueryCompiler.<>c__DisplayClass12_0`1.<ExecuteAsync>b__0()
[xUnit.net 00:00:03.03]            at Microsoft.EntityFrameworkCore.Query.Internal.CompiledQueryCache.GetOrAddQuery[TResult](Object cacheKey, Func`1 compiler)
[xUnit.net 00:00:03.03]            at Microsoft.EntityFrameworkCore.Query.Internal.QueryCompiler.ExecuteAsync[TResult](Expression query, CancellationToken cancellationToken)
[xUnit.net 00:00:03.03]            at Microsoft.EntityFrameworkCore.Query.Internal.EntityQueryProvider.ExecuteAsync[TResult](Expression expression, CancellationToken cancellationToken)
[xUnit.net 00:00:03.03]            at Microsoft.EntityFrameworkCore.EntityFrameworkQueryableExtensions.ExecuteAsync[TSource,TResult](MethodInfo operatorMethodInfo, IQueryable`1 source, Expression expression, CancellationToken cancellationToken)
[xUnit.net 00:00:03.03]            at Microsoft.EntityFrameworkCore.EntityFrameworkQueryableExtensions.ExecuteAsync[TSource,TResult](MethodInfo operatorMethodInfo, IQueryable`1 source, LambdaExpression expression, CancellationToken cancellationToken)
[xUnit.net 00:00:03.03]            at Microsoft.EntityFrameworkCore.EntityFrameworkQueryableExtensions.SumAsync[TSource](IQueryable`1 source, Expression`1 selector, CancellationToken cancellationToken)
[xUnit.net 00:00:03.03]         C:\Portif├│lio\ida\backend\Controllers\DashboardController.cs(185,0): at backend.Controllers.DashboardController.GetVarejoStats(Nullable`1 idCliente, Nullable`1 idArea, Nullable`1 startDate, Nullable`1 endDate)
[xUnit.net 00:00:03.03]         C:\Portif├│lio\ida\backend.Tests\DashboardControllerTests.cs(199,0): at backend.Tests.DashboardControllerTests.GetVarejoStats_WithAreaId_FiltersCorrectUsers()
[xUnit.net 00:00:03.03]         --- End of stack trace from previous location ---
[xUnit.net 
00:00:03.09]     backen
d.Tests.DashboardContro
llerTests.GetVarejoStat
s_RemovesOrphanedInvest
ments_Successfully 
[FAIL]
[xUnit.net 00:00:03.09]       Microsoft.EntityFrameworkCore.DbUpdateException : An error occurred while saving the entity changes. See the inner exception for details.
[xUnit.net 00:00:03.09]       ---- Microsoft.Data.Sqlite.SqliteException : SQLite Error 19: 'FOREIGN KEY constraint failed'.
[xUnit.net 00:00:03.09]       Stack Trace:
[xUnit.net 00:00:03.09]            at Microsoft.EntityFrameworkCore.Update.ReaderModificationCommandBatch.Execute(IRelationalConnection connection)
[xUnit.net 00:00:03.09]            at Microsoft.EntityFrameworkCore.Update.Internal.BatchExecutor.Execute(IEnumerable`1 commandBatches, IRelationalConnection connection)
[xUnit.net 00:00:03.09]            at Microsoft.EntityFrameworkCore.Storage.RelationalDatabase.SaveChanges(IList`1 entries)
[xUnit.net 00:00:03.09]            at Microsoft.EntityFrameworkCore.ChangeTracking.Internal.StateManager.SaveChanges(IList`1 entriesToSave)
[xUnit.net 00:00:03.09]            at Microsoft.EntityFrameworkCore.ChangeTracking.Internal.StateManager.SaveChanges(StateManager stateManager, Boolean acceptAllChangesOnSuccess)
[xUnit.net 00:00:03.09]            at Microsoft.EntityFrameworkCore.ChangeTracking.Internal.StateManager.<>c.<SaveChanges>b__112_0(DbContext _, ValueTuple`2 t)
[xUnit.net 00:00:03.09]            at Microsoft.EntityFrameworkCore.Storage.NonRetryingExecutionStrategy.Execute[TState,TResult](TState state, Func`3 operation, Func`3 verifySucceeded)
[xUnit.net 00:00:03.09]            at Microsoft.EntityFrameworkCore.ChangeTracking.Internal.StateManager.SaveChanges(Boolean acceptAllChangesOnSuccess)
[xUnit.net 00:00:03.09]            at Microsoft.EntityFrameworkCore.DbContext.SaveChanges(Boolean acceptAllChangesOnSuccess)
[xUnit.net 00:00:03.09]            at Microsoft.EntityFrameworkCore.DbContext.SaveChanges()
[xUnit.net 00:00:03.09]         C:\Portif├│lio\ida\backend.Tests\DashboardControllerTests.cs(275,0): at backend.Tests.DashboardControllerTests.GetVarejoStats_RemovesOrphanedInvestments_Successfully()
[xUnit.net 00:00:03.09]         --- End of stack trace from previous location ---
[xUnit.net 00:00:03.09]         ----- Inner Stack Trace -----
[xUnit.net 00:00:03.09]            at Microsoft.Data.Sqlite.SqliteException.ThrowExceptionForRC(Int32 rc, sqlite3 db)
[xUnit.net 00:00:03.09]            at Microsoft.Data.Sqlite.SqliteDataReader.NextResult()
[xUnit.net 00:00:03.09]            at Microsoft.Data.Sqlite.SqliteCommand.ExecuteReader(CommandBehavior behavior)
[xUnit.net 00:00:03.09]            at Microsoft.Data.Sqlite.SqliteCommand.ExecuteDbDataReader(CommandBehavior behavior)
[xUnit.net 00:00:03.09]            at Microsoft.EntityFrameworkCore.Storage.RelationalCommand.ExecuteReader(RelationalCommandParameterObject parameterObject)
[xUnit.net 00:00:03.09]            at Microsoft.EntityFrameworkCore.Update.ReaderModificationCommandBatch.Execute(IRelationalConnection connection)
[xUnit.net 00:00:03.10]   Finished:    backend.Tests
  Com falha backend.Tests.DashboardControllerTests.GetVarejoStats_WithAreaId_FiltersCorrectUsers [70 ms]
  Mensagem de erro:
   System.NotSupportedException : SQLite cannot apply aggregate operator 'Sum' on expressions of type 'decimal'. Convert the values to a supported type, or use LINQ to Objects to aggregate the results on the client side.
  Rastreamento de pilha:
     at Microsoft.EntityFrameworkCore.Sqlite.Query.Internal.SqliteQueryableAggregateMethodTranslator.Translate(MethodInfo method, EnumerableExpression source, IReadOnlyList`1 arguments, IDiagnosticsLogger`1 logger)
   at Microsoft.EntityFrameworkCore.Query.RelationalAggregateMethodCallTranslatorProvider.<>c__DisplayClass6_0.<Translate>b__0(IAggregateMethodCallTranslator t)
   at System.Linq.Enumerable.SelectEnumerableIterator`2.MoveNext()
   at System.Linq.Enumerable.TryGetFirst[TSource](IEnumerable`1 source, Func`2 predicate, Boolean& found)
   at System.Linq.Enumerable.FirstOrDefault[TSource](IEnumerable`1 source, Func`2 predicate)
   at Microsoft.EntityFrameworkCore.Query.RelationalAggregateMethodCallTranslatorProvider.Translate(IModel model, MethodInfo method, EnumerableExpression source, IReadOnlyList`1 arguments, IDiagnosticsLogger`1 logger)
   at Microsoft.EntityFrameworkCore.Query.RelationalSqlTranslatingExpressionVisitor.TranslateAggregateMethod(EnumerableExpression enumerableExpression, MethodInfo method, List`1 scalarArguments)
   at Microsoft.EntityFrameworkCore.Query.RelationalSqlTranslatingExpressionVisitor.TryTranslateAggregateMethodCall(MethodCallExpression methodCallExpression, SqlExpression& translation)
   at Microsoft.EntityFrameworkCore.Query.RelationalSqlTranslatingExpressionVisitor.VisitMethodCall(MethodCallExpression methodCallExpression)
   at Microsoft.EntityFrameworkCore.Sqlite.Query.Internal.SqliteSqlTranslatingExpressionVisitor.VisitMethodCall(MethodCallExpression methodCallExpression)
   at Microsoft.EntityFrameworkCore.Query.RelationalSqlTranslatingExpressionVisitor.TranslateInternal(Expression expression, Boolean applyDefaultTypeMapping)
   at Microsoft.EntityFrameworkCore.Query.RelationalSqlTranslatingExpressionVisitor.Translate(Expression expression, Boolean applyDefaultTypeMapping)
   at Microsoft.EntityFrameworkCore.Query.RelationalQueryableMethodTranslatingExpressionVisitor.TranslateAggregateWithSelector(ShapedQueryExpression source, LambdaExpression selectorLambda, Func`2 methodGenerator, Boolean throwWhenEmpty, Type resultType)
   at Microsoft.EntityFrameworkCore.Query.RelationalQueryableMethodTranslatingExpressionVisitor.TranslateSum(ShapedQueryExpression source, LambdaExpression selector, Type resultType)
   at Microsoft.EntityFrameworkCore.Query.QueryableMethodTranslatingExpressionVisitor.VisitMethodCall(MethodCallExpression methodCallExpression)
   at Microsoft.EntityFrameworkCore.Query.RelationalQueryableMethodTranslatingExpressionVisitor.VisitMethodCall(MethodCallExpression methodCallExpression)
   at Microsoft.EntityFrameworkCore.Query.QueryableMethodTranslatingExpressionVisitor.Translate(Expression expression)
   at Microsoft.EntityFrameworkCore.Query.RelationalQueryableMethodTranslatingExpressionVisitor.Translate(Expression expression)
   at Microsoft.EntityFrameworkCore.Query.QueryCompilationContext.CreateQueryExecutor[TResult](Expression query)
   at Microsoft.EntityFrameworkCore.Storage.Database.CompileQuery[TResult](Expression query, Boolean async)
   at Microsoft.EntityFrameworkCore.Query.Internal.QueryCompiler.CompileQueryCore[TResult](IDatabase database, Expression query, IModel model, Boolean async)
   at Microsoft.EntityFrameworkCore.Query.Internal.QueryCompiler.<>c__DisplayClass12_0`1.<ExecuteAsync>b__0()
   at Microsoft.EntityFrameworkCore.Query.Internal.CompiledQueryCache.GetOrAddQuery[TResult](Object cacheKey, Func`1 compiler)
   at Microsoft.EntityFrameworkCore.Query.Internal.QueryCompiler.ExecuteAsync[TResult](Expression query, CancellationToken cancellationToken)
   at Microsoft.EntityFrameworkCore.Query.Internal.EntityQueryProvider.ExecuteAsync[TResult](Expression expression, CancellationToken cancellationToken)
   at Microsoft.EntityFrameworkCore.EntityFrameworkQueryableExtensions.ExecuteAsync[TSource,TResult](MethodInfo operatorMethodInfo, IQueryable`1 source, Expression expression, CancellationToken cancellationToken)
   at Microsoft.EntityFrameworkCore.EntityFrameworkQueryableExtensions.ExecuteAsync[TSource,TResult](MethodInfo operatorMethodInfo, IQueryable`1 source, LambdaExpression expression, CancellationToken cancellationToken)
   at Microsoft.EntityFrameworkCore.EntityFrameworkQueryableExtensions.SumAsync[TSource](IQueryable`1 source, Expression`1 selector, CancellationToken cancellationToken)
   at backend.Controllers.DashboardController.GetVarejoStats(Nullable`1 idCliente, Nullable`1 idArea, Nullable`1 startDate, Nullable`1 endDate) in C:\Portif├│lio\ida\backend\Controllers\DashboardController.cs:line 185
   at backend.Tests.DashboardControllerTests.GetVarejoStats_WithAreaId_FiltersCorrectUsers() in C:\Portif├│lio\ida\backend.Tests\DashboardControllerTests.cs:line 199
--- End of stack trace from previous location ---
  Com falha backend.Tests.DashboardControllerTests.GetVarejoStats_RemovesOrphanedInvestments_Successfully [62 ms]
  Mensagem de erro:
   Microsoft.EntityFrameworkCore.DbUpdateException : An error occurred while saving the entity changes. See the inner exception for details.
---- Microsoft.Data.Sqlite.SqliteException : SQLite Error 19: 'FOREIGN KEY constraint failed'.
  Rastreamento de pilha:
     at Microsoft.EntityFrameworkCore.Update.ReaderModificationCommandBatch.Execute(IRelationalConnection connection)
   at Microsoft.EntityFrameworkCore.Update.Internal.BatchExecutor.Execute(IEnumerable`1 commandBatches, IRelationalConnection connection)
   at Microsoft.EntityFrameworkCore.Storage.RelationalDatabase.SaveChanges(IList`1 entries)
   at Microsoft.EntityFrameworkCore.ChangeTracking.Internal.StateManager.SaveChanges(IList`1 entriesToSave)
   at Microsoft.EntityFrameworkCore.ChangeTracking.Internal.StateManager.SaveChanges(StateManager stateManager, Boolean acceptAllChangesOnSuccess)
   at Microsoft.EntityFrameworkCore.ChangeTracking.Internal.StateManager.<>c.<SaveChanges>b__112_0(DbContext _, ValueTuple`2 t)
   at Microsoft.EntityFrameworkCore.Storage.NonRetryingExecutionStrategy.Execute[TState,TResult](TState state, Func`3 operation, Func`3 verifySucceeded)
   at Microsoft.EntityFrameworkCore.ChangeTracking.Internal.StateManager.SaveChanges(Boolean acceptAllChangesOnSuccess)
   at Microsoft.EntityFrameworkCore.DbContext.SaveChanges(Boolean acceptAllChangesOnSuccess)
   at Microsoft.EntityFrameworkCore.DbContext.SaveChanges()
   at backend.Tests.DashboardControllerTests.GetVarejoStats_RemovesOrphanedInvestments_Successfully() in C:\Portif├│lio\ida\backend.Tests\DashboardControllerTests.cs:line 275
--- End of stack trace from previous location ---
----- Inner Stack Trace -----
   at Microsoft.Data.Sqlite.SqliteException.ThrowExceptionForRC(Int32 rc, sqlite3 db)
   at Microsoft.Data.Sqlite.SqliteDataReader.NextResult()
   at Microsoft.Data.Sqlite.SqliteCommand.ExecuteReader(CommandBehavior behavior)
   at Microsoft.Data.Sqlite.SqliteCommand.ExecuteDbDataReader(CommandBehavior behavior)
   at Microsoft.EntityFrameworkCore.Storage.RelationalCommand.ExecuteReader(RelationalCommandParameterObject parameterObject)
   at Microsoft.EntityFrameworkCore.Update.ReaderModificationCommandBatch.Execute(IRelationalConnection connection)

Falha na Execu├º├úo de 
Teste.
Total de testes: 11
     Aprovados: 4
     Com falha: 7
Tempo total: 3,6221 Segundos
